Archive member included to satisfy reference by file (symbol)

c:/program files (x86)/gnu arm embedded toolchain/10 2021.10/bin/../lib/gcc/arm-none-eabi/10.3.1/../../../../arm-none-eabi/lib/thumb/v7e-m+fp/hard\libc_nano.a(lib_a-exit.o)
                              c:/program files (x86)/gnu arm embedded toolchain/10 2021.10/bin/../lib/gcc/arm-none-eabi/10.3.1/../../../../arm-none-eabi/lib/thumb/v7e-m+fp/hard/crt0.o (exit)
c:/program files (x86)/gnu arm embedded toolchain/10 2021.10/bin/../lib/gcc/arm-none-eabi/10.3.1/../../../../arm-none-eabi/lib/thumb/v7e-m+fp/hard\libc_nano.a(lib_a-impure.o)
                              c:/program files (x86)/gnu arm embedded toolchain/10 2021.10/bin/../lib/gcc/arm-none-eabi/10.3.1/../../../../arm-none-eabi/lib/thumb/v7e-m+fp/hard\libc_nano.a(lib_a-exit.o) (_global_impure_ptr)
c:/program files (x86)/gnu arm embedded toolchain/10 2021.10/bin/../lib/gcc/arm-none-eabi/10.3.1/../../../../arm-none-eabi/lib/thumb/v7e-m+fp/hard\libc_nano.a(lib_a-init.o)
                              c:/program files (x86)/gnu arm embedded toolchain/10 2021.10/bin/../lib/gcc/arm-none-eabi/10.3.1/../../../../arm-none-eabi/lib/thumb/v7e-m+fp/hard/crt0.o (__libc_init_array)
c:/program files (x86)/gnu arm embedded toolchain/10 2021.10/bin/../lib/gcc/arm-none-eabi/10.3.1/../../../../arm-none-eabi/lib/thumb/v7e-m+fp/hard\libc_nano.a(lib_a-memset.o)
                              c:/program files (x86)/gnu arm embedded toolchain/10 2021.10/bin/../lib/gcc/arm-none-eabi/10.3.1/../../../../arm-none-eabi/lib/thumb/v7e-m+fp/hard/crt0.o (memset)
c:/program files (x86)/gnu arm embedded toolchain/10 2021.10/bin/../lib/gcc/arm-none-eabi/10.3.1/../../../../arm-none-eabi/lib/thumb/v7e-m+fp/hard\libc_nano.a(lib_a-printf.o)
                              build/main.o (printf)
c:/program files (x86)/gnu arm embedded toolchain/10 2021.10/bin/../lib/gcc/arm-none-eabi/10.3.1/../../../../arm-none-eabi/lib/thumb/v7e-m+fp/hard\libc_nano.a(lib_a-puts.o)
                              build/main.o (puts)
c:/program files (x86)/gnu arm embedded toolchain/10 2021.10/bin/../lib/gcc/arm-none-eabi/10.3.1/../../../../arm-none-eabi/lib/thumb/v7e-m+fp/hard\libc_nano.a(lib_a-wbuf.o)
                              c:/program files (x86)/gnu arm embedded toolchain/10 2021.10/bin/../lib/gcc/arm-none-eabi/10.3.1/../../../../arm-none-eabi/lib/thumb/v7e-m+fp/hard\libc_nano.a(lib_a-puts.o) (__swbuf_r)
c:/program files (x86)/gnu arm embedded toolchain/10 2021.10/bin/../lib/gcc/arm-none-eabi/10.3.1/../../../../arm-none-eabi/lib/thumb/v7e-m+fp/hard\libc_nano.a(lib_a-wsetup.o)
                              c:/program files (x86)/gnu arm embedded toolchain/10 2021.10/bin/../lib/gcc/arm-none-eabi/10.3.1/../../../../arm-none-eabi/lib/thumb/v7e-m+fp/hard\libc_nano.a(lib_a-puts.o) (__swsetup_r)
c:/program files (x86)/gnu arm embedded toolchain/10 2021.10/bin/../lib/gcc/arm-none-eabi/10.3.1/../../../../arm-none-eabi/lib/thumb/v7e-m+fp/hard\libc_nano.a(lib_a-fflush.o)
                              c:/program files (x86)/gnu arm embedded toolchain/10 2021.10/bin/../lib/gcc/arm-none-eabi/10.3.1/../../../../arm-none-eabi/lib/thumb/v7e-m+fp/hard\libc_nano.a(lib_a-wbuf.o) (_fflush_r)
c:/program files (x86)/gnu arm embedded toolchain/10 2021.10/bin/../lib/gcc/arm-none-eabi/10.3.1/../../../../arm-none-eabi/lib/thumb/v7e-m+fp/hard\libc_nano.a(lib_a-findfp.o)
                              c:/program files (x86)/gnu arm embedded toolchain/10 2021.10/bin/../lib/gcc/arm-none-eabi/10.3.1/../../../../arm-none-eabi/lib/thumb/v7e-m+fp/hard\libc_nano.a(lib_a-printf.o) (__sinit)
c:/program files (x86)/gnu arm embedded toolchain/10 2021.10/bin/../lib/gcc/arm-none-eabi/10.3.1/../../../../arm-none-eabi/lib/thumb/v7e-m+fp/hard\libc_nano.a(lib_a-fwalk.o)
                              c:/program files (x86)/gnu arm embedded toolchain/10 2021.10/bin/../lib/gcc/arm-none-eabi/10.3.1/../../../../arm-none-eabi/lib/thumb/v7e-m+fp/hard\libc_nano.a(lib_a-findfp.o) (_fwalk)
c:/program files (x86)/gnu arm embedded toolchain/10 2021.10/bin/../lib/gcc/arm-none-eabi/10.3.1/../../../../arm-none-eabi/lib/thumb/v7e-m+fp/hard\libc_nano.a(lib_a-lock.o)
                              c:/program files (x86)/gnu arm embedded toolchain/10 2021.10/bin/../lib/gcc/arm-none-eabi/10.3.1/../../../../arm-none-eabi/lib/thumb/v7e-m+fp/hard\libc_nano.a(lib_a-findfp.o) (__retarget_lock_init_recursive)
c:/program files (x86)/gnu arm embedded toolchain/10 2021.10/bin/../lib/gcc/arm-none-eabi/10.3.1/../../../../arm-none-eabi/lib/thumb/v7e-m+fp/hard\libc_nano.a(lib_a-makebuf.o)
                              c:/program files (x86)/gnu arm embedded toolchain/10 2021.10/bin/../lib/gcc/arm-none-eabi/10.3.1/../../../../arm-none-eabi/lib/thumb/v7e-m+fp/hard\libc_nano.a(lib_a-wsetup.o) (__smakebuf_r)
c:/program files (x86)/gnu arm embedded toolchain/10 2021.10/bin/../lib/gcc/arm-none-eabi/10.3.1/../../../../arm-none-eabi/lib/thumb/v7e-m+fp/hard\libc_nano.a(lib_a-nano-freer.o)
[...]
Memory Configuration

Name             Origin             Length             Attributes
RAM              0x20000000         0x00020000         xrw
CCMRAM           0x10000000         0x00010000         xrw
FLASH            0x08000000         0x00100000         xr
*default*        0x00000000         0xffffffff

Linker script and memory map

LOAD c:/program files (x86)/gnu arm embedded toolchain/10 2021.10/bin/../lib/gcc/arm-none-eabi/10.3.1/thumb/v7e-m+fp/hard/crti.o
LOAD c:/program files (x86)/gnu arm embedded toolchain/10 2021.10/bin/../lib/gcc/arm-none-eabi/10.3.1/thumb/v7e-m+fp/hard/crtbegin.o
LOAD c:/program files (x86)/gnu arm embedded toolchain/10 2021.10/bin/../lib/gcc/arm-none-eabi/10.3.1/../../../../arm-none-eabi/lib/thumb/v7e-m+fp/hard/crt0.o
LOAD build/main.o
LOAD build/stm32f4xx_it.o
LOAD build/stm32f4xx_hal_msp.o
LOAD build/stm32f4xx_hal_tim.o
LOAD build/stm32f4xx_hal_tim_ex.o
LOAD build/stm32f4xx_hal_rcc.o
LOAD build/stm32f4xx_hal_rcc_ex.o
LOAD build/stm32f4xx_hal_flash.o
LOAD build/stm32f4xx_hal_flash_ex.o
LOAD build/stm32f4xx_hal_flash_ramfunc.o
LOAD build/stm32f4xx_hal_gpio.o
LOAD build/stm32f4xx_hal_dma_ex.o
LOAD build/stm32f4xx_hal_dma.o
LOAD build/stm32f4xx_hal_pwr.o
LOAD build/stm32f4xx_hal_pwr_ex.o
LOAD build/stm32f4xx_hal_cortex.o
LOAD build/stm32f4xx_hal.o
LOAD build/stm32f4xx_hal_exti.o
LOAD build/system_stm32f4xx.o
LOAD build/stm32f4xx_hal_can.o
LOAD build/stm32f4xx_hal_i2c.o
LOAD build/stm32f4xx_hal_i2c_ex.o
LOAD build/stm32f4xx_hal_uart.o
LOAD build/gpio.o
LOAD build/can.o
LOAD build/i2c.o
LOAD build/usart.o
LOAD build/pid.o
LOAD build/bsp_can.o
LOAD build/usb_device.o
LOAD build/usbd_desc.o
LOAD build/usbd_conf.o
LOAD build/stm32f4xx_hal_pcd.o
LOAD build/stm32f4xx_hal_pcd_ex.o
LOAD build/stm32f4xx_ll_usb.o
LOAD build/usbd_core.o
LOAD build/usbd_ctlreq.o
LOAD build/usbd_ioreq.o
LOAD build/usbd_hid.o
LOAD build/startup_stm32f407xx.o
LOAD c:/program files (x86)/gnu arm embedded toolchain/10 2021.10/bin/../lib/gcc/arm-none-eabi/10.3.1/../../../../arm-none-eabi/lib/thumb/v7e-m+fp/hard\libc_nano.a
LOAD c:/program files (x86)/gnu arm embedded toolchain/10 2021.10/bin/../lib/gcc/arm-none-eabi/10.3.1/../../../../arm-none-eabi/lib/thumb/v7e-m+fp/hard\libm.a
LOAD c:/program files (x86)/gnu arm embedded toolchain/10 2021.10/bin/../lib/gcc/arm-none-eabi/10.3.1/../../../../arm-none-eabi/lib/thumb/v7e-m+fp/hard\libnosys.a
START GROUP
LOAD c:/program files (x86)/gnu arm embedded toolchain/10 2021.10/bin/../lib/gcc/arm-none-eabi/10.3.1/thumb/v7e-m+fp/hard\libgcc.a
LOAD c:/program files (x86)/gnu arm embedded toolchain/10 2021.10/bin/../lib/gcc/arm-none-eabi/10.3.1/../../../../arm-none-eabi/lib/thumb/v7e-m+fp/hard\libc_nano.a
END GROUP
START GROUP
LOAD c:/program files (x86)/gnu arm embedded toolchain/10 2021.10/bin/../lib/gcc/arm-none-eabi/10.3.1/thumb/v7e-m+fp/hard\libgcc.a
LOAD c:/program files (x86)/gnu arm embedded toolchain/10 2021.10/bin/../lib/gcc/arm-none-eabi/10.3.1/../../../../arm-none-eabi/lib/thumb/v7e-m+fp/hard\libc_nano.a
END GROUP
LOAD c:/program files (x86)/gnu arm embedded toolchain/10 2021.10/bin/../lib/gcc/arm-none-eabi/10.3.1/thumb/v7e-m+fp/hard/crtend.o
LOAD c:/program files (x86)/gnu arm embedded toolchain/10 2021.10/bin/../lib/gcc/arm-none-eabi/10.3.1/thumb/v7e-m+fp/hard/crtn.o
                0x20020000                _estack = (ORIGIN (RAM) + LENGTH (RAM))
                0x00000200                _Min_Heap_Size = 0x200
                0x00000400                _Min_Stack_Size = 0x400

.isr_vector     0x08000000      0x188
                0x08000000                . = ALIGN (0x4)
 *(.isr_vector)
 .isr_vector    0x08000000      0x188 build/startup_stm32f407xx.o
                0x08000000                g_pfnVectors
                0x08000188                . = ALIGN (0x4)

.text           0x08000190     0x53ac
                0x08000190                . = ALIGN (0x4)
 *(.text)
 .text          0x08000190       0x40 c:/program files (x86)/gnu arm embedded toolchain/10 2021.10/bin/../lib/gcc/arm-none-eabi/10.3.1/thumb/v7e-m+fp/hard/crtbegin.o
 .text          0x080001d0       0xa0 c:/program files (x86)/gnu arm embedded toolchain/10 2021.10/bin/../lib/gcc/arm-none-eabi/10.3.1/../../../../arm-none-eabi/lib/thumb/v7e-m+fp/hard\libc_nano.a(lib_a-memchr.o)
                0x080001d0                memchr
 .text          0x08000270      0x378 c:/program files (x86)/gnu arm embedded toolchain/10 2021.10/bin/../lib/gcc/arm-none-eabi/10.3.1/thumb/v7e-m+fp/hard\libgcc.a(_arm_addsubdf3.o)
                0x08000270                __aeabi_drsub
                0x08000278                __aeabi_dsub
                0x08000278                __subdf3
                0x0800027c                __aeabi_dadd
                0x0800027c                __adddf3
                0x080004f4                __floatunsidf
                0x080004f4                __aeabi_ui2d
                0x08000514                __floatsidf
                0x08000514                __aeabi_i2d
                0x08000538                __aeabi_f2d
                0x08000538                __extendsfdf2
                0x0800057c                __floatundidf
                0x0800057c                __aeabi_ul2d
                0x0800058c                __floatdidf
                0x0800058c                __aeabi_l2d
 .text          0x080005e8      0x424 c:/program files (x86)/gnu arm embedded toolchain/10 2021.10/bin/../lib/gcc/arm-none-eabi/10.3.1/thumb/v7e-m+fp/hard\libgcc.a(_arm_muldivdf3.o)
                0x080005e8                __aeabi_dmul
                0x080005e8                __muldf3
                0x0800083c                __divdf3
                0x0800083c                __aeabi_ddiv
 .text          0x08000a0c       0x50 c:/program files (x86)/gnu arm embedded toolchain/10 2021.10/bin/../lib/gcc/arm-none-eabi/10.3.1/thumb/v7e-m+fp/hard\libgcc.a(_arm_fixdfsi.o)
                0x08000a0c                __aeabi_d2iz
                0x08000a0c                __fixdfsi
 .text          0x08000a5c       0x30 c:/program files (x86)/gnu arm embedded toolchain/10 2021.10/bin/../lib/gcc/arm-none-eabi/10.3.1/thumb/v7e-m+fp/hard\libgcc.a(_aeabi_uldivmod.o)
                0x08000a5c                __aeabi_uldivmod
 .text          0x08000a8c      0x2d0 c:/program files (x86)/gnu arm embedded toolchain/10 2021.10/bin/../lib/gcc/arm-none-eabi/10.3.1/thumb/v7e-m+fp/hard\libgcc.a(_udivmoddi4.o)
                0x08000a8c                __udivmoddi4
 .text          0x08000d5c        0x4 c:/program files (x86)/gnu arm embedded toolchain/10 2021.10/bin/../lib/gcc/arm-none-eabi/10.3.1/thumb/v7e-m+fp/hard\libgcc.a(_dvmd_tls.o)
                0x08000d5c                __aeabi_idiv0
                0x08000d5c                __aeabi_ldiv0
 *(.text*)
 .text.HAL_I2C_SlaveRxCpltCallback
                0x08000d60       0xec build/main.o
                0x08000d60                HAL_I2C_SlaveRxCpltCallback
 .text.Abs_angle_control_loop
                0x08000e4c      0x138 build/main.o
                0x08000e4c                Abs_angle_control_loop
 .text.Error_Handler
                0x08000f84        0x4 build/main.o
                0x08000f84                Error_Handler
 .text.SystemClock_Config
                0x08000f88       0xa4 build/main.o
                0x08000f88                SystemClock_Config
 .text.main     0x0800102c      0x1e8 build/main.o
                0x0800102c                main
 .text.NMI_Handler
                0x08001214        0x2 build/stm32f4xx_it.o
                0x08001214                NMI_Handler
 .text.HardFault_Handler
                0x08001216        0x2 build/stm32f4xx_it.o
                0x08001216                HardFault_Handler
 .text.MemManage_Handler
                0x08001218        0x2 build/stm32f4xx_it.o
                0x08001218                MemManage_Handler
 .text.BusFault_Handler
                0x0800121a        0x2 build/stm32f4xx_it.o
                0x0800121a                BusFault_Handler
 .text.UsageFault_Handler
                0x0800121c        0x2 build/stm32f4xx_it.o
                0x0800121c                UsageFault_Handler
 .text.SVC_Handler
                0x0800121e        0x2 build/stm32f4xx_it.o
                0x0800121e                SVC_Handler
 .text.DebugMon_Handler
                0x08001220        0x2 build/stm32f4xx_it.o
                0x08001220                DebugMon_Handler
 .text.PendSV_Handler
                0x08001222        0x2 build/stm32f4xx_it.o
                0x08001222                PendSV_Handler
 .text.SysTick_Handler
                0x08001224        0x8 build/stm32f4xx_it.o
                0x08001224                SysTick_Handler
 .text.CAN1_TX_IRQHandler
                0x0800122c       0x10 build/stm32f4xx_it.o
                0x0800122c                CAN1_TX_IRQHandler
 .text.CAN1_RX0_IRQHandler
                0x0800123c       0x10 build/stm32f4xx_it.o
                0x0800123c                CAN1_RX0_IRQHandler
 .text.I2C2_EV_IRQHandler
                0x0800124c       0x10 build/stm32f4xx_it.o
                0x0800124c                I2C2_EV_IRQHandler
 .text.I2C2_ER_IRQHandler
                0x0800125c       0x10 build/stm32f4xx_it.o
                0x0800125c                I2C2_ER_IRQHandler
 .text.USART1_IRQHandler
                0x0800126c       0x10 build/stm32f4xx_it.o
                0x0800126c                USART1_IRQHandler
 .text.HAL_MspInit
                0x0800127c       0x38 build/stm32f4xx_hal_msp.o
                0x0800127c                HAL_MspInit
 .text.HAL_RCC_OscConfig
                0x080012b4      0x3f8 build/stm32f4xx_hal_rcc.o
                0x080012b4                HAL_RCC_OscConfig
 .text.HAL_RCC_GetSysClockFreq
                0x080016ac       0xa4 build/stm32f4xx_hal_rcc.o
                0x080016ac                HAL_RCC_GetSysClockFreq
 .text.HAL_RCC_ClockConfig
                0x08001750      0x160 build/stm32f4xx_hal_rcc.o
                0x08001750                HAL_RCC_ClockConfig
 .text.HAL_RCC_GetHCLKFreq
                0x080018b0        0xc build/stm32f4xx_hal_rcc.o
                0x080018b0                HAL_RCC_GetHCLKFreq
 .text.HAL_RCC_GetPCLK1Freq
                0x080018bc       0x20 build/stm32f4xx_hal_rcc.o
                0x080018bc                HAL_RCC_GetPCLK1Freq
 .text.HAL_RCC_GetPCLK2Freq
                0x080018dc       0x20 build/stm32f4xx_hal_rcc.o
                0x080018dc                HAL_RCC_GetPCLK2Freq
 .text.HAL_GPIO_Init
                0x080018fc      0x1e4 build/stm32f4xx_hal_gpio.o
                0x080018fc                HAL_GPIO_Init
 .text.HAL_GPIO_WritePin
                0x08001ae0        0xc build/stm32f4xx_hal_gpio.o
                0x08001ae0                HAL_GPIO_WritePin
 .text.HAL_GPIO_TogglePin
                0x08001aec       0x12 build/stm32f4xx_hal_gpio.o
                0x08001aec                HAL_GPIO_TogglePin
 .text.HAL_DMA_Abort
                0x08001afe       0x94 build/stm32f4xx_hal_dma.o
                0x08001afe                HAL_DMA_Abort
 .text.HAL_DMA_Abort_IT
                0x08001b92       0x26 build/stm32f4xx_hal_dma.o
                0x08001b92                HAL_DMA_Abort_IT
 .text.HAL_DMA_GetState
                0x08001bb8        0x6 build/stm32f4xx_hal_dma.o
                0x08001bb8                HAL_DMA_GetState
 *fill*         0x08001bbe        0x2 
 .text.HAL_NVIC_SetPriorityGrouping
                0x08001bc0       0x24 build/stm32f4xx_hal_cortex.o
                0x08001bc0                HAL_NVIC_SetPriorityGrouping
 .text.HAL_NVIC_SetPriority
                0x08001be4       0x70 build/stm32f4xx_hal_cortex.o
                0x08001be4                HAL_NVIC_SetPriority
 .text.HAL_NVIC_EnableIRQ
                0x08001c54       0x1c build/stm32f4xx_hal_cortex.o
                0x08001c54                HAL_NVIC_EnableIRQ
 .text.HAL_SYSTICK_Config
                0x08001c70       0x28 build/stm32f4xx_hal_cortex.o
                0x08001c70                HAL_SYSTICK_Config
 .text.HAL_InitTick
                0x08001c98       0x4c build/stm32f4xx_hal.o
                0x08001c98                HAL_InitTick
 .text.HAL_Init
                0x08001ce4       0x34 build/stm32f4xx_hal.o
                0x08001ce4                HAL_Init
 .text.HAL_IncTick
                0x08001d18       0x18 build/stm32f4xx_hal.o
                0x08001d18                HAL_IncTick
 .text.HAL_GetTick
                0x08001d30        0xc build/stm32f4xx_hal.o
                0x08001d30                HAL_GetTick
 .text.HAL_Delay
                0x08001d3c       0x28 build/stm32f4xx_hal.o
                0x08001d3c                HAL_Delay
 .text.SystemInit
                0x08001d64       0x1c build/system_stm32f4xx.o
                0x08001d64                SystemInit
 .text.HAL_CAN_Init
                0x08001d80      0x14c build/stm32f4xx_hal_can.o
                0x08001d80                HAL_CAN_Init
 .text.HAL_CAN_ConfigFilter
                0x08001ecc      0x138 build/stm32f4xx_hal_can.o
                0x08001ecc                HAL_CAN_ConfigFilter
 .text.HAL_CAN_Start
                0x08002004       0x5c build/stm32f4xx_hal_can.o
                0x08002004                HAL_CAN_Start
 .text.HAL_CAN_AddTxMessage
                0x08002060       0xfc build/stm32f4xx_hal_can.o
                0x08002060                HAL_CAN_AddTxMessage
 .text.HAL_CAN_GetRxMessage
                0x0800215c      0x14a build/stm32f4xx_hal_can.o
                0x0800215c                HAL_CAN_GetRxMessage
 .text.HAL_CAN_ActivateNotification
                0x080022a6       0x24 build/stm32f4xx_hal_can.o
                0x080022a6                HAL_CAN_ActivateNotification
 .text.HAL_CAN_TxMailbox0CompleteCallback
                0x080022ca        0x2 build/stm32f4xx_hal_can.o
                0x080022ca                HAL_CAN_TxMailbox0CompleteCallback
 .text.HAL_CAN_TxMailbox1CompleteCallback
                0x080022cc        0x2 build/stm32f4xx_hal_can.o
                0x080022cc                HAL_CAN_TxMailbox1CompleteCallback
 .text.HAL_CAN_TxMailbox2CompleteCallback
                0x080022ce        0x2 build/stm32f4xx_hal_can.o
                0x080022ce                HAL_CAN_TxMailbox2CompleteCallback
 .text.HAL_CAN_TxMailbox0AbortCallback
                0x080022d0        0x2 build/stm32f4xx_hal_can.o
                0x080022d0                HAL_CAN_TxMailbox0AbortCallback
 .text.HAL_CAN_TxMailbox1AbortCallback
                0x080022d2        0x2 build/stm32f4xx_hal_can.o
                0x080022d2                HAL_CAN_TxMailbox1AbortCallback
 .text.HAL_CAN_TxMailbox2AbortCallback
                0x080022d4        0x2 build/stm32f4xx_hal_can.o
                0x080022d4                HAL_CAN_TxMailbox2AbortCallback
 .text.HAL_CAN_RxFifo0FullCallback
                0x080022d6        0x2 build/stm32f4xx_hal_can.o
                0x080022d6                HAL_CAN_RxFifo0FullCallback
 .text.HAL_CAN_RxFifo1MsgPendingCallback
                0x080022d8        0x2 build/stm32f4xx_hal_can.o
                0x080022d8                HAL_CAN_RxFifo1MsgPendingCallback
 .text.HAL_CAN_RxFifo1FullCallback
                0x080022da        0x2 build/stm32f4xx_hal_can.o
                0x080022da                HAL_CAN_RxFifo1FullCallback
 .text.HAL_CAN_SleepCallback
                0x080022dc        0x2 build/stm32f4xx_hal_can.o
                0x080022dc                HAL_CAN_SleepCallback
 .text.HAL_CAN_WakeUpFromRxMsgCallback
                0x080022de        0x2 build/stm32f4xx_hal_can.o
                0x080022de                HAL_CAN_WakeUpFromRxMsgCallback
 .text.HAL_CAN_IRQHandler
                0x080022e0      0x24a build/stm32f4xx_hal_can.o
                0x080022e0                HAL_CAN_IRQHandler
 .text.I2C_Master_SB
                0x0800252a       0xa8 build/stm32f4xx_hal_i2c.o
 .text.I2C_Master_ADD10
                0x080025d2       0x2a build/stm32f4xx_hal_i2c.o
 .text.I2C_Master_ADDR
                0x080025fc      0x206 build/stm32f4xx_hal_i2c.o
 .text.I2C_SlaveTransmit_BTF
                0x08002802       0x20 build/stm32f4xx_hal_i2c.o
 .text.I2C_SlaveReceive_BTF
                0x08002822       0x20 build/stm32f4xx_hal_i2c.o
 *fill*         0x08002842        0x2 
 .text.I2C_WaitOnSTOPRequestThroughIT
                0x08002844       0x48 build/stm32f4xx_hal_i2c.o
 .text.I2C_ConvertOtherXferOptions
                0x0800288c       0x1e build/stm32f4xx_hal_i2c.o
 *fill*         0x080028aa        0x2 
 .text.HAL_I2C_Init
                0x080028ac      0x1bc build/stm32f4xx_hal_i2c.o
                0x080028ac                HAL_I2C_Init
 .text.HAL_I2C_Slave_Receive_IT
                0x08002a68       0x90 build/stm32f4xx_hal_i2c.o
                0x08002a68                HAL_I2C_Slave_Receive_IT
 .text.HAL_I2C_MasterTxCpltCallback
                0x08002af8        0x2 build/stm32f4xx_hal_i2c.o
                0x08002af8                HAL_I2C_MasterTxCpltCallback
 .text.HAL_I2C_MasterRxCpltCallback
                0x08002afa        0x2 build/stm32f4xx_hal_i2c.o
                0x08002afa                HAL_I2C_MasterRxCpltCallback
 .text.HAL_I2C_SlaveTxCpltCallback
                0x08002afc        0x2 build/stm32f4xx_hal_i2c.o
                0x08002afc                HAL_I2C_SlaveTxCpltCallback
 .text.I2C_SlaveTransmit_TXE
                0x08002afe       0x4c build/stm32f4xx_hal_i2c.o
 .text.I2C_SlaveReceive_RXNE
                0x08002b4a       0x4c build/stm32f4xx_hal_i2c.o
 .text.HAL_I2C_AddrCallback
                0x08002b96        0x2 build/stm32f4xx_hal_i2c.o
                0x08002b96                HAL_I2C_AddrCallback
 .text.I2C_Slave_ADDR
                0x08002b98       0x5a build/stm32f4xx_hal_i2c.o
 .text.HAL_I2C_ListenCpltCallback
                0x08002bf2        0x2 build/stm32f4xx_hal_i2c.o
                0x08002bf2                HAL_I2C_ListenCpltCallback
 .text.I2C_Slave_AF
                0x08002bf4       0x94 build/stm32f4xx_hal_i2c.o
 .text.HAL_I2C_MemTxCpltCallback
                0x08002c88        0x2 build/stm32f4xx_hal_i2c.o
                0x08002c88                HAL_I2C_MemTxCpltCallback
 .text.I2C_MasterTransmit_BTF
                0x08002c8a       0x9e build/stm32f4xx_hal_i2c.o
 .text.I2C_MemoryTransmit_TXE_BTF
                0x08002d28       0xbe build/stm32f4xx_hal_i2c.o
 .text.I2C_MasterTransmit_TXE
                0x08002de6       0xd0 build/stm32f4xx_hal_i2c.o
 .text.HAL_I2C_MemRxCpltCallback
                0x08002eb6        0x2 build/stm32f4xx_hal_i2c.o
                0x08002eb6                HAL_I2C_MemRxCpltCallback
 .text.I2C_MasterReceive_BTF
                0x08002eb8      0x128 build/stm32f4xx_hal_i2c.o
 .text.HAL_I2C_ErrorCallback
                0x08002fe0        0x2 build/stm32f4xx_hal_i2c.o
                0x08002fe0                HAL_I2C_ErrorCallback
 .text.I2C_MasterReceive_RXNE
                0x08002fe2       0xf6 build/stm32f4xx_hal_i2c.o
 .text.HAL_I2C_AbortCpltCallback
                0x080030d8        0x2 build/stm32f4xx_hal_i2c.o
                0x080030d8                HAL_I2C_AbortCpltCallback
 *fill*         0x080030da        0x2 
 .text.I2C_DMAAbort
                0x080030dc       0xe4 build/stm32f4xx_hal_i2c.o
 .text.I2C_ITError
                0x080031c0      0x178 build/stm32f4xx_hal_i2c.o
 .text.I2C_Slave_STOPF
                0x08003338      0x18c build/stm32f4xx_hal_i2c.o
 .text.HAL_I2C_EV_IRQHandler
                0x080034c4      0x1a0 build/stm32f4xx_hal_i2c.o
                0x080034c4                HAL_I2C_EV_IRQHandler
 .text.HAL_I2C_ER_IRQHandler
                0x08003664       0xc4 build/stm32f4xx_hal_i2c.o
                0x08003664                HAL_I2C_ER_IRQHandler
 .text.UART_EndRxTransfer
                0x08003728       0x5c build/stm32f4xx_hal_uart.o
 .text.UART_Transmit_IT
                0x08003784       0x60 build/stm32f4xx_hal_uart.o
 .text.UART_SetConfig
                0x080037e4      0x110 build/stm32f4xx_hal_uart.o
 .text.HAL_UART_Init
                0x080038f4       0x5e build/stm32f4xx_hal_uart.o
                0x080038f4                HAL_UART_Init
 .text.HAL_UART_TxCpltCallback
                0x08003952        0x2 build/stm32f4xx_hal_uart.o
                0x08003952                HAL_UART_TxCpltCallback
 .text.UART_EndTransmit_IT
                0x08003954       0x1a build/stm32f4xx_hal_uart.o
 .text.HAL_UART_RxCpltCallback
                0x0800396e        0x2 build/stm32f4xx_hal_uart.o
                0x0800396e                HAL_UART_RxCpltCallback
 .text.HAL_UART_ErrorCallback
                0x08003970        0x2 build/stm32f4xx_hal_uart.o
                0x08003970                HAL_UART_ErrorCallback
 .text.UART_DMAAbortOnError
                0x08003972       0x10 build/stm32f4xx_hal_uart.o
 .text.HAL_UARTEx_RxEventCallback
                0x08003982        0x2 build/stm32f4xx_hal_uart.o
                0x08003982                HAL_UARTEx_RxEventCallback
 .text.UART_Receive_IT
                0x08003984       0xe2 build/stm32f4xx_hal_uart.o
 *fill*         0x08003a66        0x2 
 .text.HAL_UART_IRQHandler
                0x08003a68      0x280 build/stm32f4xx_hal_uart.o
                0x08003a68                HAL_UART_IRQHandler
 .text.MX_GPIO_Init
                0x08003ce8       0xbc build/gpio.o
                0x08003ce8                MX_GPIO_Init
 .text.MX_CAN1_Init
                0x08003da4       0x44 build/can.o
                0x08003da4                MX_CAN1_Init
 .text.HAL_CAN_MspInit
                0x08003de8       0x8c build/can.o
                0x08003de8                HAL_CAN_MspInit
 .text.HAL_CAN_ErrorCallback
                0x08003e74       0x14 build/can.o
                0x08003e74                HAL_CAN_ErrorCallback
 .text.MX_I2C2_Init
                0x08003e88       0x3c build/i2c.o
                0x08003e88                MX_I2C2_Init
 .text.HAL_I2C_MspInit
                0x08003ec4       0x8c build/i2c.o
                0x08003ec4                HAL_I2C_MspInit
 .text.MX_USART1_UART_Init
                0x08003f50       0x38 build/usart.o
                0x08003f50                MX_USART1_UART_Init
 .text.HAL_UART_MspInit
                0x08003f88       0xac build/usart.o
                0x08003f88                HAL_UART_MspInit
 .text.pid_param_init
                0x08004034       0x60 build/pid.o
 .text.pid_reset
                0x08004094        0xe build/pid.o
 .text.circle_err
                0x080040a2       0x22 build/pid.o
                0x080040a2                circle_err
 .text.pid_calculate
                0x080040c4      0x14c build/pid.o
 .text.pid_init
                0x08004210       0x1c build/pid.o
                0x08004210                pid_init
 .text.my_can_filter_init_recv_all
                0x0800422c       0x28 build/bsp_can.o
                0x0800422c                my_can_filter_init_recv_all
 .text.HAL_CAN_RxFifo0MsgPendingCallback
                0x08004254      0x140 build/bsp_can.o
                0x08004254                HAL_CAN_RxFifo0MsgPendingCallback
 .text.set_moto_current
                0x08004394       0x60 build/bsp_can.o
                0x08004394                set_moto_current
 .text.Reset_Handler
                0x080043f4       0x50 build/startup_stm32f407xx.o
                0x080043f4                Reset_Handler
 .text.Default_Handler
                0x08004444        0x2 build/startup_stm32f407xx.o
                0x08004444                RTC_Alarm_IRQHandler
                0x08004444                HASH_RNG_IRQHandler
                0x08004444                EXTI2_IRQHandler
                0x08004444                TIM8_CC_IRQHandler
                0x08004444                TIM1_CC_IRQHandler
                0x08004444                DMA2_Stream5_IRQHandler
                0x08004444                DMA1_Stream5_IRQHandler
                0x08004444                PVD_IRQHandler
                0x08004444                SDIO_IRQHandler
                0x08004444                TAMP_STAMP_IRQHandler
                0x08004444                CAN2_RX1_IRQHandler
                0x08004444                EXTI3_IRQHandler
                0x08004444                TIM8_TRG_COM_TIM14_IRQHandler
                0x08004444                TIM1_UP_TIM10_IRQHandler
                0x08004444                TIM8_UP_TIM13_IRQHandler
                0x08004444                I2C3_ER_IRQHandler
                0x08004444                EXTI0_IRQHandler
                0x08004444                DMA1_Stream2_IRQHandler
                0x08004444                FPU_IRQHandler
                0x08004444                OTG_HS_WKUP_IRQHandler
                0x08004444                CAN2_SCE_IRQHandler
                0x08004444                DMA2_Stream2_IRQHandler
                0x08004444                SPI1_IRQHandler
                0x08004444                TIM6_DAC_IRQHandler
                0x08004444                TIM1_BRK_TIM9_IRQHandler
                0x08004444                DCMI_IRQHandler
                0x08004444                CAN2_RX0_IRQHandler
                0x08004444                DMA2_Stream3_IRQHandler
                0x08004444                USART6_IRQHandler
                0x08004444                USART3_IRQHandler
                0x08004444                CAN1_RX1_IRQHandler
                0x08004444                UART5_IRQHandler
                0x08004444                DMA2_Stream0_IRQHandler
                0x08004444                TIM4_IRQHandler
                0x08004444                I2C1_EV_IRQHandler
                0x08004444                DMA1_Stream6_IRQHandler
                0x08004444                DMA1_Stream1_IRQHandler
                0x08004444                UART4_IRQHandler
                0x08004444                TIM3_IRQHandler
                0x08004444                RCC_IRQHandler
                0x08004444                TIM8_BRK_TIM12_IRQHandler
                0x08004444                Default_Handler
                0x08004444                EXTI15_10_IRQHandler
                0x08004444                ADC_IRQHandler
                0x08004444                DMA1_Stream7_IRQHandler
                0x08004444                TIM7_IRQHandler
                0x08004444                CAN2_TX_IRQHandler
                0x08004444                TIM5_IRQHandler
                0x08004444                DMA2_Stream7_IRQHandler
                0x08004444                I2C3_EV_IRQHandler
                0x08004444                EXTI9_5_IRQHandler
                0x08004444                RTC_WKUP_IRQHandler
                0x08004444                ETH_WKUP_IRQHandler
                0x08004444                SPI2_IRQHandler
                0x08004444                OTG_HS_EP1_IN_IRQHandler
                0x08004444                DMA1_Stream0_IRQHandler
                0x08004444                EXTI4_IRQHandler
                0x08004444                FSMC_IRQHandler
                0x08004444                ETH_IRQHandler
                0x08004444                OTG_HS_EP1_OUT_IRQHandler
                0x08004444                WWDG_IRQHandler
                0x08004444                TIM2_IRQHandler
                0x08004444                OTG_FS_WKUP_IRQHandler
                0x08004444                TIM1_TRG_COM_TIM11_IRQHandler
                0x08004444                OTG_HS_IRQHandler
                0x08004444                EXTI1_IRQHandler
                0x08004444                USART2_IRQHandler
                0x08004444                DMA2_Stream1_IRQHandler
                0x08004444                CAN1_SCE_IRQHandler
                0x08004444                FLASH_IRQHandler
                0x08004444                DMA2_Stream4_IRQHandler
                0x08004444                OTG_FS_IRQHandler
                0x08004444                SPI3_IRQHandler
                0x08004444                DMA1_Stream4_IRQHandler
                0x08004444                I2C1_ER_IRQHandler
                0x08004444                DMA2_Stream6_IRQHandler
                0x08004444                DMA1_Stream3_IRQHandler
 *fill*         0x08004446        0x2 
 .text.__libc_init_array
                0x08004448       0x48 c:/program files (x86)/gnu arm embedded toolchain/10 2021.10/bin/../lib/gcc/arm-none-eabi/10.3.1/../../../../arm-none-eabi/lib/thumb/v7e-m+fp/hard\libc_nano.a(lib_a-init.o)
                0x08004448                __libc_init_array
 .text.memset   0x08004490       0x10 c:/program files (x86)/gnu arm embedded toolchain/10 2021.10/bin/../lib/gcc/arm-none-eabi/10.3.1/../../../../arm-none-eabi/lib/thumb/v7e-m+fp/hard\libc_nano.a(lib_a-memset.o)
                0x08004490                memset
 .text.printf   0x080044a0       0x30 c:/program files (x86)/gnu arm embedded toolchain/10 2021.10/bin/../lib/gcc/arm-none-eabi/10.3.1/../../../../arm-none-eabi/lib/thumb/v7e-m+fp/hard\libc_nano.a(lib_a-printf.o)
                0x080044a0                iprintf
                0x080044a0                printf
 .text._puts_r  0x080044d0       0xdc c:/program files (x86)/gnu arm embedded toolchain/10 2021.10/bin/../lib/gcc/arm-none-eabi/10.3.1/../../../../arm-none-eabi/lib/thumb/v7e-m+fp/hard\libc_nano.a(lib_a-puts.o)
                0x080044d0                _puts_r
 .text.puts     0x080045ac       0x10 c:/program files (x86)/gnu arm embedded toolchain/10 2021.10/bin/../lib/gcc/arm-none-eabi/10.3.1/../../../../arm-none-eabi/lib/thumb/v7e-m+fp/hard\libc_nano.a(lib_a-puts.o)
                0x080045ac                puts
 .text.__swbuf_r
                0x080045bc       0xa4 c:/program files (x86)/gnu arm embedded toolchain/10 2021.10/bin/../lib/gcc/arm-none-eabi/10.3.1/../../../../arm-none-eabi/lib/thumb/v7e-m+fp/hard\libc_nano.a(lib_a-wbuf.o)
                0x080045bc                __swbuf_r
 .text.__swsetup_r
                0x08004660       0xdc c:/program files (x86)/gnu arm embedded toolchain/10 2021.10/bin/../lib/gcc/arm-none-eabi/10.3.1/../../../../arm-none-eabi/lib/thumb/v7e-m+fp/hard\libc_nano.a(lib_a-wsetup.o)
                0x08004660                __swsetup_r
 .text.__sflush_r
                0x0800473c      0x10c c:/program files (x86)/gnu arm embedded toolchain/10 2021.10/bin/../lib/gcc/arm-none-eabi/10.3.1/../../../../arm-none-eabi/lib/thumb/v7e-m+fp/hard\libc_nano.a(lib_a-fflush.o)
                0x0800473c                __sflush_r
 .text._fflush_r
                0x08004848       0x78 c:/program files (x86)/gnu arm embedded toolchain/10 2021.10/bin/../lib/gcc/arm-none-eabi/10.3.1/../../../../arm-none-eabi/lib/thumb/v7e-m+fp/hard\libc_nano.a(lib_a-fflush.o)
                0x08004848                _fflush_r
 .text.std      0x080048c0       0x48 c:/program files (x86)/gnu arm embedded toolchain/10 2021.10/bin/../lib/gcc/arm-none-eabi/10.3.1/../../../../arm-none-eabi/lib/thumb/v7e-m+fp/hard\libc_nano.a(lib_a-findfp.o)
 .text._cleanup_r
                0x08004908        0xc c:/program files (x86)/gnu arm embedded toolchain/10 2021.10/bin/../lib/gcc/arm-none-eabi/10.3.1/../../../../arm-none-eabi/lib/thumb/v7e-m+fp/hard\libc_nano.a(lib_a-findfp.o)
                0x08004908                _cleanup_r
 .text.__sfmoreglue
                0x08004914       0x2c c:/program files (x86)/gnu arm embedded toolchain/10 2021.10/bin/../lib/gcc/arm-none-eabi/10.3.1/../../../../arm-none-eabi/lib/thumb/v7e-m+fp/hard\libc_nano.a(lib_a-findfp.o)
                0x08004914                __sfmoreglue
 .text.__sfp_lock_acquire
                0x08004940        0xc c:/program files (x86)/gnu arm embedded toolchain/10 2021.10/bin/../lib/gcc/arm-none-eabi/10.3.1/../../../../arm-none-eabi/lib/thumb/v7e-m+fp/hard\libc_nano.a(lib_a-findfp.o)
                0x08004940                __sfp_lock_acquire
 .text.__sfp_lock_release
                0x0800494c        0xc c:/program files (x86)/gnu arm embedded toolchain/10 2021.10/bin/../lib/gcc/arm-none-eabi/10.3.1/../../../../arm-none-eabi/lib/thumb/v7e-m+fp/hard\libc_nano.a(lib_a-findfp.o)
                0x0800494c                __sfp_lock_release
 .text.__sinit_lock_acquire
                0x08004958        0xc c:/program files (x86)/gnu arm embedded toolchain/10 2021.10/bin/../lib/gcc/arm-none-eabi/10.3.1/../../../../arm-none-eabi/lib/thumb/v7e-m+fp/hard\libc_nano.a(lib_a-findfp.o)
                0x08004958                __sinit_lock_acquire
 .text.__sinit_lock_release
                0x08004964        0xc c:/program files (x86)/gnu arm embedded toolchain/10 2021.10/bin/../lib/gcc/arm-none-eabi/10.3.1/../../../../arm-none-eabi/lib/thumb/v7e-m+fp/hard\libc_nano.a(lib_a-findfp.o)
                0x08004964                __sinit_lock_release
 .text.__sinit  0x08004970       0x70 c:/program files (x86)/gnu arm embedded toolchain/10 2021.10/bin/../lib/gcc/arm-none-eabi/10.3.1/../../../../arm-none-eabi/lib/thumb/v7e-m+fp/hard\libc_nano.a(lib_a-findfp.o)
                0x08004970                __sinit
 .text.__sfp    0x080049e0       0x8c c:/program files (x86)/gnu arm embedded toolchain/10 2021.10/bin/../lib/gcc/arm-none-eabi/10.3.1/../../../../arm-none-eabi/lib/thumb/v7e-m+fp/hard\libc_nano.a(lib_a-findfp.o)
                0x080049e0                __sfp
 .text._fwalk_reent
                0x08004a6c       0x3e c:/program files (x86)/gnu arm embedded toolchain/10 2021.10/bin/../lib/gcc/arm-none-eabi/10.3.1/../../../../arm-none-eabi/lib/thumb/v7e-m+fp/hard\libc_nano.a(lib_a-fwalk.o)
                0x08004a6c                _fwalk_reent
 .text.__retarget_lock_init_recursive
                0x08004aaa        0x2 c:/program files (x86)/gnu arm embedded toolchain/10 2021.10/bin/../lib/gcc/arm-none-eabi/10.3.1/../../../../arm-none-eabi/lib/thumb/v7e-m+fp/hard\libc_nano.a(lib_a-lock.o)
                0x08004aaa                __retarget_lock_init_recursive
 .text.__retarget_lock_acquire_recursive
                0x08004aac        0x2 c:/program files (x86)/gnu arm embedded toolchain/10 2021.10/bin/../lib/gcc/arm-none-eabi/10.3.1/../../../../arm-none-eabi/lib/thumb/v7e-m+fp/hard\libc_nano.a(lib_a-lock.o)
                0x08004aac                __retarget_lock_acquire_recursive
 .text.__retarget_lock_release_recursive
                0x08004aae        0x2 c:/program files (x86)/gnu arm embedded toolchain/10 2021.10/bin/../lib/gcc/arm-none-eabi/10.3.1/../../../../arm-none-eabi/lib/thumb/v7e-m+fp/hard\libc_nano.a(lib_a-lock.o)
                0x08004aae                __retarget_lock_release_recursive
 .text.__swhatbuf_r
                0x08004ab0       0x4a c:/program files (x86)/gnu arm embedded toolchain/10 2021.10/bin/../lib/gcc/arm-none-eabi/10.3.1/../../../../arm-none-eabi/lib/thumb/v7e-m+fp/hard\libc_nano.a(lib_a-makebuf.o)
                0x08004ab0                __swhatbuf_r
 *fill*         0x08004afa        0x2 
 .text.__smakebuf_r
                0x08004afc       0x80 c:/program files (x86)/gnu arm embedded toolchain/10 2021.10/bin/../lib/gcc/arm-none-eabi/10.3.1/../../../../arm-none-eabi/lib/thumb/v7e-m+fp/hard\libc_nano.a(lib_a-makebuf.o)
                0x08004afc                __smakebuf_r
 .text._free_r  0x08004b7c       0x98 c:/program files (x86)/gnu arm embedded toolchain/10 2021.10/bin/../lib/gcc/arm-none-eabi/10.3.1/../../../../arm-none-eabi/lib/thumb/v7e-m+fp/hard\libc_nano.a(lib_a-nano-freer.o)
                0x08004b7c                _free_r
 .text.sbrk_aligned
                0x08004c14       0x40 c:/program files (x86)/gnu arm embedded toolchain/10 2021.10/bin/../lib/gcc/arm-none-eabi/10.3.1/../../../../arm-none-eabi/lib/thumb/v7e-m+fp/hard\libc_nano.a(lib_a-nano-mallocr.o)
 .text._malloc_r
                0x08004c54       0xe8 c:/program files (x86)/gnu arm embedded toolchain/10 2021.10/bin/../lib/gcc/arm-none-eabi/10.3.1/../../../../arm-none-eabi/lib/thumb/v7e-m+fp/hard\libc_nano.a(lib_a-nano-mallocr.o)
                0x08004c54                _malloc_r
 .text.__sfputc_r
                0x08004d3c       0x2e c:/program files (x86)/gnu arm embedded toolchain/10 2021.10/bin/../lib/gcc/arm-none-eabi/10.3.1/../../../../arm-none-eabi/lib/thumb/v7e-m+fp/hard\libc_nano.a(lib_a-nano-vfprintf.o)
 .text.__sfputs_r
                0x08004d6a       0x24 c:/program files (x86)/gnu arm embedded toolchain/10 2021.10/bin/../lib/gcc/arm-none-eabi/10.3.1/../../../../arm-none-eabi/lib/thumb/v7e-m+fp/hard\libc_nano.a(lib_a-nano-vfprintf.o)
                0x08004d6a                __sfputs_r
 *fill*         0x08004d8e        0x2 
 .text._vfprintf_r
                0x08004d90      0x260 c:/program files (x86)/gnu arm embedded toolchain/10 2021.10/bin/../lib/gcc/arm-none-eabi/10.3.1/../../../../arm-none-eabi/lib/thumb/v7e-m+fp/hard\libc_nano.a(lib_a-nano-vfprintf.o)
                0x08004d90                _vfprintf_r
                0x08004d90                _vfiprintf_r
 .text._printf_common
                0x08004ff0       0xda c:/program files (x86)/gnu arm embedded toolchain/10 2021.10/bin/../lib/gcc/arm-none-eabi/10.3.1/../../../../arm-none-eabi/lib/thumb/v7e-m+fp/hard\libc_nano.a(lib_a-nano-vfprintf_i.o)
                0x08004ff0                _printf_common
 *fill*         0x080050ca        0x2 
 .text._printf_i
                0x080050cc      0x24c c:/program files (x86)/gnu arm embedded toolchain/10 2021.10/bin/../lib/gcc/arm-none-eabi/10.3.1/../../../../arm-none-eabi/lib/thumb/v7e-m+fp/hard\libc_nano.a(lib_a-nano-vfprintf_i.o)
                0x080050cc                _printf_i
 .text._sbrk_r  0x08005318       0x20 c:/program files (x86)/gnu arm embedded toolchain/10 2021.10/bin/../lib/gcc/arm-none-eabi/10.3.1/../../../../arm-none-eabi/lib/thumb/v7e-m+fp/hard\libc_nano.a(lib_a-sbrkr.o)
                0x08005318                _sbrk_r
 .text.__sread  0x08005338       0x22 c:/program files (x86)/gnu arm embedded toolchain/10 2021.10/bin/../lib/gcc/arm-none-eabi/10.3.1/../../../../arm-none-eabi/lib/thumb/v7e-m+fp/hard\libc_nano.a(lib_a-stdio.o)
                0x08005338                __sread
 .text.__swrite
                0x0800535a       0x38 c:/program files (x86)/gnu arm embedded toolchain/10 2021.10/bin/../lib/gcc/arm-none-eabi/10.3.1/../../../../arm-none-eabi/lib/thumb/v7e-m+fp/hard\libc_nano.a(lib_a-stdio.o)
                0x0800535a                __swrite
 .text.__sseek  0x08005392       0x24 c:/program files (x86)/gnu arm embedded toolchain/10 2021.10/bin/../lib/gcc/arm-none-eabi/10.3.1/../../../../arm-none-eabi/lib/thumb/v7e-m+fp/hard\libc_nano.a(lib_a-stdio.o)
                0x08005392                __sseek
 .text.__sclose
                0x080053b6        0x8 c:/program files (x86)/gnu arm embedded toolchain/10 2021.10/bin/../lib/gcc/arm-none-eabi/10.3.1/../../../../arm-none-eabi/lib/thumb/v7e-m+fp/hard\libc_nano.a(lib_a-stdio.o)
                0x080053b6                __sclose
 *fill*         0x080053be        0x2 
 .text._write_r
                0x080053c0       0x24 c:/program files (x86)/gnu arm embedded toolchain/10 2021.10/bin/../lib/gcc/arm-none-eabi/10.3.1/../../../../arm-none-eabi/lib/thumb/v7e-m+fp/hard\libc_nano.a(lib_a-writer.o)
                0x080053c0                _write_r
 .text._close_r
                0x080053e4       0x20 c:/program files (x86)/gnu arm embedded toolchain/10 2021.10/bin/../lib/gcc/arm-none-eabi/10.3.1/../../../../arm-none-eabi/lib/thumb/v7e-m+fp/hard\libc_nano.a(lib_a-closer.o)
                0x080053e4                _close_r
 .text._fstat_r
                0x08005404       0x24 c:/program files (x86)/gnu arm embedded toolchain/10 2021.10/bin/../lib/gcc/arm-none-eabi/10.3.1/../../../../arm-none-eabi/lib/thumb/v7e-m+fp/hard\libc_nano.a(lib_a-fstatr.o)
                0x08005404                _fstat_r
 .text._isatty_r
                0x08005428       0x20 c:/program files (x86)/gnu arm embedded toolchain/10 2021.10/bin/../lib/gcc/arm-none-eabi/10.3.1/../../../../arm-none-eabi/lib/thumb/v7e-m+fp/hard\libc_nano.a(lib_a-isattyr.o)
                0x08005428                _isatty_r
 .text._lseek_r
                0x08005448       0x24 c:/program files (x86)/gnu arm embedded toolchain/10 2021.10/bin/../lib/gcc/arm-none-eabi/10.3.1/../../../../arm-none-eabi/lib/thumb/v7e-m+fp/hard\libc_nano.a(lib_a-lseekr.o)
                0x08005448                _lseek_r
 .text.__malloc_lock
                0x0800546c        0xc c:/program files (x86)/gnu arm embedded toolchain/10 2021.10/bin/../lib/gcc/arm-none-eabi/10.3.1/../../../../arm-none-eabi/lib/thumb/v7e-m+fp/hard\libc_nano.a(lib_a-mlock.o)
                0x0800546c                __malloc_lock
 .text.__malloc_unlock
                0x08005478        0xc c:/program files (x86)/gnu arm embedded toolchain/10 2021.10/bin/../lib/gcc/arm-none-eabi/10.3.1/../../../../arm-none-eabi/lib/thumb/v7e-m+fp/hard\libc_nano.a(lib_a-mlock.o)
                0x08005478                __malloc_unlock
 .text._read_r  0x08005484       0x24 c:/program files (x86)/gnu arm embedded toolchain/10 2021.10/bin/../lib/gcc/arm-none-eabi/10.3.1/../../../../arm-none-eabi/lib/thumb/v7e-m+fp/hard\libc_nano.a(lib_a-readr.o)
                0x08005484                _read_r
 .text._close   0x080054a8       0x10 c:/program files (x86)/gnu arm embedded toolchain/10 2021.10/bin/../lib/gcc/arm-none-eabi/10.3.1/../../../../arm-none-eabi/lib/thumb/v7e-m+fp/hard\libnosys.a(close.o)
                0x080054a8                _close
 .text._fstat   0x080054b8       0x10 c:/program files (x86)/gnu arm embedded toolchain/10 2021.10/bin/../lib/gcc/arm-none-eabi/10.3.1/../../../../arm-none-eabi/lib/thumb/v7e-m+fp/hard\libnosys.a(fstat.o)
                0x080054b8                _fstat
 .text._isatty  0x080054c8       0x10 c:/program files (x86)/gnu arm embedded toolchain/10 2021.10/bin/../lib/gcc/arm-none-eabi/10.3.1/../../../../arm-none-eabi/lib/thumb/v7e-m+fp/hard\libnosys.a(isatty.o)
                0x080054c8                _isatty
 .text._lseek   0x080054d8       0x10 c:/program files (x86)/gnu arm embedded toolchain/10 2021.10/bin/../lib/gcc/arm-none-eabi/10.3.1/../../../../arm-none-eabi/lib/thumb/v7e-m+fp/hard\libnosys.a(lseek.o)
                0x080054d8                _lseek
 .text._read    0x080054e8       0x10 c:/program files (x86)/gnu arm embedded toolchain/10 2021.10/bin/../lib/gcc/arm-none-eabi/10.3.1/../../../../arm-none-eabi/lib/thumb/v7e-m+fp/hard\libnosys.a(read.o)
                0x080054e8                _read
 .text._sbrk    0x080054f8       0x1c c:/program files (x86)/gnu arm embedded toolchain/10 2021.10/bin/../lib/gcc/arm-none-eabi/10.3.1/../../../../arm-none-eabi/lib/thumb/v7e-m+fp/hard\libnosys.a(sbrk.o)
                0x080054f8                _sbrk
 .text._write   0x08005514       0x10 c:/program files (x86)/gnu arm embedded toolchain/10 2021.10/bin/../lib/gcc/arm-none-eabi/10.3.1/../../../../arm-none-eabi/lib/thumb/v7e-m+fp/hard\libnosys.a(write.o)
                0x08005514                _write
 *(.glue_7)
 .glue_7        0x08005524        0x0 linker stubs
 *(.glue_7t)
 .glue_7t       0x08005524        0x0 linker stubs
 *(.eh_frame)
 .eh_frame      0x08005524        0x0 c:/program files (x86)/gnu arm embedded toolchain/10 2021.10/bin/../lib/gcc/arm-none-eabi/10.3.1/thumb/v7e-m+fp/hard/crtbegin.o
 *(.init)
 .init          0x08005524        0x4 c:/program files (x86)/gnu arm embedded toolchain/10 2021.10/bin/../lib/gcc/arm-none-eabi/10.3.1/thumb/v7e-m+fp/hard/crti.o
                0x08005524                _init
 .init          0x08005528        0x8 c:/program files (x86)/gnu arm embedded toolchain/10 2021.10/bin/../lib/gcc/arm-none-eabi/10.3.1/thumb/v7e-m+fp/hard/crtn.o
 *(.fini)
 .fini          0x08005530        0x4 c:/program files (x86)/gnu arm embedded toolchain/10 2021.10/bin/../lib/gcc/arm-none-eabi/10.3.1/thumb/v7e-m+fp/hard/crti.o
                0x08005530                _fini
 .fini          0x08005534        0x8 c:/program files (x86)/gnu arm embedded toolchain/10 2021.10/bin/../lib/gcc/arm-none-eabi/10.3.1/thumb/v7e-m+fp/hard/crtn.o
                0x0800553c                . = ALIGN (0x4)
                0x0800553c                _etext = .

.vfp11_veneer   0x0800553c        0x0
 .vfp11_veneer  0x0800553c        0x0 linker stubs

.v4_bx          0x0800553c        0x0
 .v4_bx         0x0800553c        0x0 linker stubs

.iplt           0x0800553c        0x0
 .iplt          0x0800553c        0x0 c:/program files (x86)/gnu arm embedded toolchain/10 2021.10/bin/../lib/gcc/arm-none-eabi/10.3.1/thumb/v7e-m+fp/hard/crtbegin.o

.rodata         0x0800553c       0xe8
                0x0800553c                . = ALIGN (0x4)
 *(.rodata)
 *(.rodata*)
 .rodata.HAL_I2C_SlaveRxCpltCallback.str1.4
                0x0800553c        0xc build/main.o
 .rodata.Abs_angle_control_loop.str1.4
                0x08005548        0x8 build/main.o
 .rodata.main.str1.4
                0x08005550       0x21 build/main.o
 *fill*         0x08005571        0x3 
 .rodata.AHBPrescTable
                0x08005574       0x10 build/system_stm32f4xx.o
                0x08005574                AHBPrescTable
 .rodata.APBPrescTable
                0x08005584        0x8 build/system_stm32f4xx.o
                0x08005584                APBPrescTable
 .rodata._global_impure_ptr
                0x0800558c        0x4 c:/program files (x86)/gnu arm embedded toolchain/10 2021.10/bin/../lib/gcc/arm-none-eabi/10.3.1/../../../../arm-none-eabi/lib/thumb/v7e-m+fp/hard\libc_nano.a(lib_a-impure.o)
                0x0800558c                _global_impure_ptr
 .rodata.__sf_fake_stderr
                0x08005590       0x20 c:/program files (x86)/gnu arm embedded toolchain/10 2021.10/bin/../lib/gcc/arm-none-eabi/10.3.1/../../../../arm-none-eabi/lib/thumb/v7e-m+fp/hard\libc_nano.a(lib_a-findfp.o)
                0x08005590                __sf_fake_stderr
 .rodata.__sf_fake_stdin
                0x080055b0       0x20 c:/program files (x86)/gnu arm embedded toolchain/10 2021.10/bin/../lib/gcc/arm-none-eabi/10.3.1/../../../../arm-none-eabi/lib/thumb/v7e-m+fp/hard\libc_nano.a(lib_a-findfp.o)
                0x080055b0                __sf_fake_stdin
 .rodata.__sf_fake_stdout
                0x080055d0       0x20 c:/program files (x86)/gnu arm embedded toolchain/10 2021.10/bin/../lib/gcc/arm-none-eabi/10.3.1/../../../../arm-none-eabi/lib/thumb/v7e-m+fp/hard\libc_nano.a(lib_a-findfp.o)
                0x080055d0                __sf_fake_stdout
 .rodata._vfprintf_r.str1.1
                0x080055f0       0x11 c:/program files (x86)/gnu arm embedded toolchain/10 2021.10/bin/../lib/gcc/arm-none-eabi/10.3.1/../../../../arm-none-eabi/lib/thumb/v7e-m+fp/hard\libc_nano.a(lib_a-nano-vfprintf.o)
 .rodata._printf_i.str1.1
                0x08005601       0x22 c:/program files (x86)/gnu arm embedded toolchain/10 2021.10/bin/../lib/gcc/arm-none-eabi/10.3.1/../../../../arm-none-eabi/lib/thumb/v7e-m+fp/hard\libc_nano.a(lib_a-nano-vfprintf_i.o)
                0x08005624                . = ALIGN (0x4)
 *fill*         0x08005623        0x1 

.ARM.extab
 *(.ARM.extab* .gnu.linkonce.armextab.*)

.ARM            0x08005624        0x8
                0x08005624                __exidx_start = .
 *(.ARM.exidx*)
 .ARM.exidx     0x08005624        0x8 c:/program files (x86)/gnu arm embedded toolchain/10 2021.10/bin/../lib/gcc/arm-none-eabi/10.3.1/thumb/v7e-m+fp/hard\libgcc.a(_udivmoddi4.o)
                0x0800562c                __exidx_end = .

.rel.dyn        0x0800562c        0x0
 .rel.iplt      0x0800562c        0x0 c:/program files (x86)/gnu arm embedded toolchain/10 2021.10/bin/../lib/gcc/arm-none-eabi/10.3.1/thumb/v7e-m+fp/hard/crtbegin.o

.preinit_array  0x0800562c        0x0
                0x0800562c                PROVIDE (__preinit_array_start = .)
 *(.preinit_array*)
                0x0800562c                PROVIDE (__preinit_array_end = .)

.init_array     0x0800562c        0x4
                0x0800562c                PROVIDE (__init_array_start = .)
 *(SORT_BY_NAME(.init_array.*))
 *(.init_array*)
 .init_array    0x0800562c        0x4 c:/program files (x86)/gnu arm embedded toolchain/10 2021.10/bin/../lib/gcc/arm-none-eabi/10.3.1/thumb/v7e-m+fp/hard/crtbegin.o
                0x08005630                PROVIDE (__init_array_end = .)

.fini_array     0x08005630        0x4
                [!provide]                PROVIDE (__fini_array_start = .)
 *(SORT_BY_NAME(.fini_array.*))
 *(.fini_array*)
 .fini_array    0x08005630        0x4 c:/program files (x86)/gnu arm embedded toolchain/10 2021.10/bin/../lib/gcc/arm-none-eabi/10.3.1/thumb/v7e-m+fp/hard/crtbegin.o
                [!provide]                PROVIDE (__fini_array_end = .)
                0x08005634                _sidata = LOADADDR (.data)

.data           0x20000000       0x74 load address 0x08005634
                0x20000000                . = ALIGN (0x4)
                0x20000000                _sdata = .
 *(.data)
 *(.data*)
 .data.current_limit
                0x20000000        0x4 build/main.o
                0x20000000                current_limit
 .data.uwTickFreq
                0x20000004        0x1 build/stm32f4xx_hal.o
                0x20000004                uwTickFreq
 *fill*         0x20000005        0x3 
 .data.uwTickPrio
                0x20000008        0x4 build/stm32f4xx_hal.o
                0x20000008                uwTickPrio
 .data.SystemCoreClock
                0x2000000c        0x4 build/system_stm32f4xx.o
                0x2000000c                SystemCoreClock
 .data._impure_ptr
                0x20000010        0x4 c:/program files (x86)/gnu arm embedded toolchain/10 2021.10/bin/../lib/gcc/arm-none-eabi/10.3.1/../../../../arm-none-eabi/lib/thumb/v7e-m+fp/hard\libc_nano.a(lib_a-impure.o)
                0x20000010                _impure_ptr
 .data.impure_data
                0x20000014       0x60 c:/program files (x86)/gnu arm embedded toolchain/10 2021.10/bin/../lib/gcc/arm-none-eabi/10.3.1/../../../../arm-none-eabi/lib/thumb/v7e-m+fp/hard\libc_nano.a(lib_a-impure.o)
                0x20000074                . = ALIGN (0x4)
                0x20000074                _edata = .
                0x080056a8                _siccmram = LOADADDR (.ccmram)

.igot.plt       0x20000074        0x0 load address 0x080056a8
 .igot.plt      0x20000074        0x0 c:/program files (x86)/gnu arm embedded toolchain/10 2021.10/bin/../lib/gcc/arm-none-eabi/10.3.1/thumb/v7e-m+fp/hard/crtbegin.o

.ccmram         0x10000000        0x0 load address 0x080056a8
                0x10000000                . = ALIGN (0x4)
                0x10000000                _sccmram = .
 *(.ccmram)
 *(.ccmram*)
                0x10000000                . = ALIGN (0x4)
                0x10000000                _eccmram = .
                0x10000000                . = ALIGN (0x4)

.bss            0x20000074      0x508
                0x20000074                _sbss = .
                0x20000074                __bss_start__ = _sbss
 *(.bss)
 .bss           0x20000074       0x1c c:/program files (x86)/gnu arm embedded toolchain/10 2021.10/bin/../lib/gcc/arm-none-eabi/10.3.1/thumb/v7e-m+fp/hard/crtbegin.o
 *(.bss*)
 .bss.ABS_Gimbal_angle
                0x20000090        0x8 build/main.o
                0x20000090                ABS_Gimbal_angle
 .bss.ABS_IMU_angle
                0x20000098        0x4 build/main.o
                0x20000098                ABS_IMU_angle
 .bss.IMU_Angle
                0x2000009c        0xc build/main.o
                0x2000009c                IMU_Angle
 .bss.IMU_Angle_Raw
                0x200000a8        0x6 build/main.o
                0x200000a8                IMU_Angle_Raw
 *fill*         0x200000ae        0x2 
 .bss.ReceiveBuffer
                0x200000b0        0x6 build/main.o
                0x200000b0                ReceiveBuffer
 *fill*         0x200000b6        0x2 
 .bss.abs_pid   0x200000b8       0xc8 build/main.o
                0x200000b8                abs_pid
 .bss.angle_pid
                0x20000180       0xc8 build/main.o
                0x20000180                angle_pid
 .bss.i         0x20000248        0x4 build/main.o
                0x20000248                i
 .bss.j         0x2000024c        0x4 build/main.o
                0x2000024c                j
 .bss.motor_pid
                0x20000250      0x190 build/main.o
                0x20000250                motor_pid
 .bss.uwTick    0x200003e0        0x4 build/stm32f4xx_hal.o
                0x200003e0                uwTick
 .bss.hcan1     0x200003e4       0x28 build/can.o
                0x200003e4                hcan1
 .bss.hi2c2     0x2000040c       0x54 build/i2c.o
                0x2000040c                hi2c2
 .bss.huart1    0x20000460       0x44 build/usart.o
                0x20000460                huart1
 .bss.FlashTimer
                0x200004a4        0x4 build/bsp_can.o
                0x200004a4                FlashTimer
 .bss.moto_chassis
                0x200004a8       0xc0 build/bsp_can.o
                0x200004a8                moto_chassis
 .bss.__lock___malloc_recursive_mutex
                0x20000568        0x1 c:/program files (x86)/gnu arm embedded toolchain/10 2021.10/bin/../lib/gcc/arm-none-eabi/10.3.1/../../../../arm-none-eabi/lib/thumb/v7e-m+fp/hard\libc_nano.a(lib_a-lock.o)
                0x20000568                __lock___malloc_recursive_mutex
 .bss.__lock___sfp_recursive_mutex
                0x20000569        0x1 c:/program files (x86)/gnu arm embedded toolchain/10 2021.10/bin/../lib/gcc/arm-none-eabi/10.3.1/../../../../arm-none-eabi/lib/thumb/v7e-m+fp/hard\libc_nano.a(lib_a-lock.o)
                0x20000569                __lock___sfp_recursive_mutex
 .bss.__lock___sinit_recursive_mutex
                0x2000056a        0x1 c:/program files (x86)/gnu arm embedded toolchain/10 2021.10/bin/../lib/gcc/arm-none-eabi/10.3.1/../../../../arm-none-eabi/lib/thumb/v7e-m+fp/hard\libc_nano.a(lib_a-lock.o)
                0x2000056a                __lock___sinit_recursive_mutex
 *fill*         0x2000056b        0x1 
 .bss.__malloc_free_list
                0x2000056c        0x4 c:/program files (x86)/gnu arm embedded toolchain/10 2021.10/bin/../lib/gcc/arm-none-eabi/10.3.1/../../../../arm-none-eabi/lib/thumb/v7e-m+fp/hard\libc_nano.a(lib_a-nano-mallocr.o)
                0x2000056c                __malloc_free_list
 .bss.__malloc_sbrk_start
                0x20000570        0x4 c:/program files (x86)/gnu arm embedded toolchain/10 2021.10/bin/../lib/gcc/arm-none-eabi/10.3.1/../../../../arm-none-eabi/lib/thumb/v7e-m+fp/hard\libc_nano.a(lib_a-nano-mallocr.o)
                0x20000570                __malloc_sbrk_start
 .bss.errno     0x20000574        0x4 c:/program files (x86)/gnu arm embedded toolchain/10 2021.10/bin/../lib/gcc/arm-none-eabi/10.3.1/../../../../arm-none-eabi/lib/thumb/v7e-m+fp/hard\libc_nano.a(lib_a-reent.o)
                0x20000574                errno
 .bss.heap_end.0
                0x20000578        0x4 c:/program files (x86)/gnu arm embedded toolchain/10 2021.10/bin/../lib/gcc/arm-none-eabi/10.3.1/../../../../arm-none-eabi/lib/thumb/v7e-m+fp/hard\libnosys.a(sbrk.o)
 *(COMMON)
                0x2000057c                . = ALIGN (0x4)
                0x2000057c                _ebss = .
                0x2000057c                __bss_end__ = _ebss

._user_heap_stack
                0x2000057c      0x604
                0x20000580                . = ALIGN (0x8)
 *fill*         0x2000057c        0x4 
                0x20000580                PROVIDE (end = .)
                [!provide]                PROVIDE (_end = .)
                0x20000780                . = (. + _Min_Heap_Size)
 *fill*         0x20000580      0x200 
                0x20000b80                . = (. + _Min_Stack_Size)
 *fill*         0x20000780      0x400 
                0x20000b80                . = ALIGN (0x8)

/DISCARD/
 libc.a(*)
 libm.a(*)
 libgcc.a(*)

.ARM.attributes
                0x00000000       0x30
 *(.ARM.attributes)
 .ARM.attributes
                0x00000000       0x1e c:/program files (x86)/gnu arm embedded toolchain/10 2021.10/bin/../lib/gcc/arm-none-eabi/10.3.1/thumb/v7e-m+fp/hard/crti.o
 .ARM.attributes
                0x0000001e       0x34 c:/program files (x86)/gnu arm embedded toolchain/10 2021.10/bin/../lib/gcc/arm-none-eabi/10.3.1/thumb/v7e-m+fp/hard/crtbegin.o
 .ARM.attributes
                0x00000052       0x34 build/main.o
 .ARM.attributes
                0x00000086       0x34 build/stm32f4xx_it.o
 .ARM.attributes
                0x000000ba       0x34 build/stm32f4xx_hal_msp.o
 .ARM.attributes
                0x000000ee       0x34 build/stm32f4xx_hal_rcc.o
 .ARM.attributes
                0x00000122       0x34 build/stm32f4xx_hal_gpio.o
 .ARM.attributes
                0x00000156       0x34 build/stm32f4xx_hal_dma.o
 .ARM.attributes
                0x0000018a       0x34 build/stm32f4xx_hal_cortex.o
 .ARM.attributes
                0x000001be       0x34 build/stm32f4xx_hal.o
 .ARM.attributes
                0x000001f2       0x34 build/system_stm32f4xx.o
 .ARM.attributes
                0x00000226       0x34 build/stm32f4xx_hal_can.o
 .ARM.attributes
                0x0000025a       0x34 build/stm32f4xx_hal_i2c.o
 .ARM.attributes
                0x0000028e       0x34 build/stm32f4xx_hal_uart.o
 .ARM.attributes
                0x000002c2       0x34 build/gpio.o
 .ARM.attributes
                0x000002f6       0x34 build/can.o
 .ARM.attributes
                0x0000032a       0x34 build/i2c.o
 .ARM.attributes
                0x0000035e       0x34 build/usart.o
 .ARM.attributes
                0x00000392       0x34 build/pid.o
 .ARM.attributes
                0x000003c6       0x34 build/bsp_can.o
 .ARM.attributes
                0x000003fa       0x21 build/startup_stm32f407xx.o
 .ARM.attributes
                0x0000041b       0x34 c:/program files (x86)/gnu arm embedded toolchain/10 2021.10/bin/../lib/gcc/arm-none-eabi/10.3.1/../../../../arm-none-eabi/lib/thumb/v7e-m+fp/hard\libc_nano.a(lib_a-impure.o)
 .ARM.attributes
                0x0000044f       0x34 c:/program files (x86)/gnu arm embedded toolchain/10 2021.10/bin/../lib/gcc/arm-none-eabi/10.3.1/../../../../arm-none-eabi/lib/thumb/v7e-m+fp/hard\libc_nano.a(lib_a-init.o)
 .ARM.attributes
                0x00000483       0x34 c:/program files (x86)/gnu arm embedded toolchain/10 2021.10/bin/../lib/gcc/arm-none-eabi/10.3.1/../../../../arm-none-eabi/lib/thumb/v7e-m+fp/hard\libc_nano.a(lib_a-memset.o)
 .ARM.attributes
                0x000004b7       0x34 c:/program files (x86)/gnu arm embedded toolchain/10 2021.10/bin/../lib/gcc/arm-none-eabi/10.3.1/../../../../arm-none-eabi/lib/thumb/v7e-m+fp/hard\libc_nano.a(lib_a-printf.o)
 .ARM.attributes
                0x000004eb       0x34 c:/program files (x86)/gnu arm embedded toolchain/10 2021.10/bin/../lib/gcc/arm-none-eabi/10.3.1/../../../../arm-none-eabi/lib/thumb/v7e-m+fp/hard\libc_nano.a(lib_a-puts.o)
 .ARM.attributes
                0x0000051f       0x34 c:/program files (x86)/gnu arm embedded toolchain/10 2021.10/bin/../lib/gcc/arm-none-eabi/10.3.1/../../../../arm-none-eabi/lib/thumb/v7e-m+fp/hard\libc_nano.a(lib_a-wbuf.o)
 .ARM.attributes
                0x00000553       0x34 c:/program files (x86)/gnu arm embedded toolchain/10 2021.10/bin/../lib/gcc/arm-none-eabi/10.3.1/../../../../arm-none-eabi/lib/thumb/v7e-m+fp/hard\libc_nano.a(lib_a-wsetup.o)
 .ARM.attributes
                0x00000587       0x34 c:/program files (x86)/gnu arm embedded toolchain/10 2021.10/bin/../lib/gcc/arm-none-eabi/10.3.1/../../../../arm-none-eabi/lib/thumb/v7e-m+fp/hard\libc_nano.a(lib_a-fflush.o)
 .ARM.attributes
                0x000005bb       0x34 c:/program files (x86)/gnu arm embedded toolchain/10 2021.10/bin/../lib/gcc/arm-none-eabi/10.3.1/../../../../arm-none-eabi/lib/thumb/v7e-m+fp/hard\libc_nano.a(lib_a-findfp.o)
 .ARM.attributes
                0x000005ef       0x34 c:/program files (x86)/gnu arm embedded toolchain/10 2021.10/bin/../lib/gcc/arm-none-eabi/10.3.1/../../../../arm-none-eabi/lib/thumb/v7e-m+fp/hard\libc_nano.a(lib_a-fwalk.o)
 .ARM.attributes
                0x00000623       0x34 c:/program files (x86)/gnu arm embedded toolchain/10 2021.10/bin/../lib/gcc/arm-none-eabi/10.3.1/../../../../arm-none-eabi/lib/thumb/v7e-m+fp/hard\libc_nano.a(lib_a-lock.o)
 .ARM.attributes
                0x00000657       0x34 c:/program files (x86)/gnu arm embedded toolchain/10 2021.10/bin/../lib/gcc/arm-none-eabi/10.3.1/../../../../arm-none-eabi/lib/thumb/v7e-m+fp/hard\libc_nano.a(lib_a-makebuf.o)
 .ARM.attributes
                0x0000068b       0x34 c:/program files (x86)/gnu arm embedded toolchain/10 2021.10/bin/../lib/gcc/arm-none-eabi/10.3.1/../../../../arm-none-eabi/lib/thumb/v7e-m+fp/hard\libc_nano.a(lib_a-nano-freer.o)
 .ARM.attributes
                0x000006bf       0x34 c:/program files (x86)/gnu arm embedded toolchain/10 2021.10/bin/../lib/gcc/arm-none-eabi/10.3.1/../../../../arm-none-eabi/lib/thumb/v7e-m+fp/hard\libc_nano.a(lib_a-nano-mallocr.o)
 .ARM.attributes
                0x000006f3       0x34 c:/program files (x86)/gnu arm embedded toolchain/10 2021.10/bin/../lib/gcc/arm-none-eabi/10.3.1/../../../../arm-none-eabi/lib/thumb/v7e-m+fp/hard\libc_nano.a(lib_a-nano-vfprintf.o)
 .ARM.attributes
                0x00000727       0x34 c:/program files (x86)/gnu arm embedded toolchain/10 2021.10/bin/../lib/gcc/arm-none-eabi/10.3.1/../../../../arm-none-eabi/lib/thumb/v7e-m+fp/hard\libc_nano.a(lib_a-nano-vfprintf_i.o)
 .ARM.attributes
                0x0000075b       0x34 c:/program files (x86)/gnu arm embedded toolchain/10 2021.10/bin/../lib/gcc/arm-none-eabi/10.3.1/../../../../arm-none-eabi/lib/thumb/v7e-m+fp/hard\libc_nano.a(lib_a-sbrkr.o)
 .ARM.attributes
                0x0000078f       0x34 c:/program files (x86)/gnu arm embedded toolchain/10 2021.10/bin/../lib/gcc/arm-none-eabi/10.3.1/../../../../arm-none-eabi/lib/thumb/v7e-m+fp/hard\libc_nano.a(lib_a-stdio.o)
 .ARM.attributes
                0x000007c3       0x34 c:/program files (x86)/gnu arm embedded toolchain/10 2021.10/bin/../lib/gcc/arm-none-eabi/10.3.1/../../../../arm-none-eabi/lib/thumb/v7e-m+fp/hard\libc_nano.a(lib_a-writer.o)
 .ARM.attributes
                0x000007f7       0x34 c:/program files (x86)/gnu arm embedded toolchain/10 2021.10/bin/../lib/gcc/arm-none-eabi/10.3.1/../../../../arm-none-eabi/lib/thumb/v7e-m+fp/hard\libc_nano.a(lib_a-closer.o)
 .ARM.attributes
                0x0000082b       0x34 c:/program files (x86)/gnu arm embedded toolchain/10 2021.10/bin/../lib/gcc/arm-none-eabi/10.3.1/../../../../arm-none-eabi/lib/thumb/v7e-m+fp/hard\libc_nano.a(lib_a-fstatr.o)
 .ARM.attributes
                0x0000085f       0x34 c:/program files (x86)/gnu arm embedded toolchain/10 2021.10/bin/../lib/gcc/arm-none-eabi/10.3.1/../../../../arm-none-eabi/lib/thumb/v7e-m+fp/hard\libc_nano.a(lib_a-isattyr.o)
 .ARM.attributes
                0x00000893       0x34 c:/program files (x86)/gnu arm embedded toolchain/10 2021.10/bin/../lib/gcc/arm-none-eabi/10.3.1/../../../../arm-none-eabi/lib/thumb/v7e-m+fp/hard\libc_nano.a(lib_a-lseekr.o)
 .ARM.attributes
                0x000008c7       0x1c c:/program files (x86)/gnu arm embedded toolchain/10 2021.10/bin/../lib/gcc/arm-none-eabi/10.3.1/../../../../arm-none-eabi/lib/thumb/v7e-m+fp/hard\libc_nano.a(lib_a-memchr.o)
 .ARM.attributes
                0x000008e3       0x34 c:/program files (x86)/gnu arm embedded toolchain/10 2021.10/bin/../lib/gcc/arm-none-eabi/10.3.1/../../../../arm-none-eabi/lib/thumb/v7e-m+fp/hard\libc_nano.a(lib_a-mlock.o)
 .ARM.attributes
                0x00000917       0x34 c:/program files (x86)/gnu arm embedded toolchain/10 2021.10/bin/../lib/gcc/arm-none-eabi/10.3.1/../../../../arm-none-eabi/lib/thumb/v7e-m+fp/hard\libc_nano.a(lib_a-readr.o)
 .ARM.attributes
                0x0000094b       0x34 c:/program files (x86)/gnu arm embedded toolchain/10 2021.10/bin/../lib/gcc/arm-none-eabi/10.3.1/../../../../arm-none-eabi/lib/thumb/v7e-m+fp/hard\libc_nano.a(lib_a-reent.o)
 .ARM.attributes
                0x0000097f       0x34 c:/program files (x86)/gnu arm embedded toolchain/10 2021.10/bin/../lib/gcc/arm-none-eabi/10.3.1/../../../../arm-none-eabi/lib/thumb/v7e-m+fp/hard\libnosys.a(close.o)
 .ARM.attributes
                0x000009b3       0x34 c:/program files (x86)/gnu arm embedded toolchain/10 2021.10/bin/../lib/gcc/arm-none-eabi/10.3.1/../../../../arm-none-eabi/lib/thumb/v7e-m+fp/hard\libnosys.a(fstat.o)
 .ARM.attributes
                0x000009e7       0x34 c:/program files (x86)/gnu arm embedded toolchain/10 2021.10/bin/../lib/gcc/arm-none-eabi/10.3.1/../../../../arm-none-eabi/lib/thumb/v7e-m+fp/hard\libnosys.a(isatty.o)
 .ARM.attributes
                0x00000a1b       0x34 c:/program files (x86)/gnu arm embedded toolchain/10 2021.10/bin/../lib/gcc/arm-none-eabi/10.3.1/../../../../arm-none-eabi/lib/thumb/v7e-m+fp/hard\libnosys.a(lseek.o)
 .ARM.attributes
                0x00000a4f       0x34 c:/program files (x86)/gnu arm embedded toolchain/10 2021.10/bin/../lib/gcc/arm-none-eabi/10.3.1/../../../../arm-none-eabi/lib/thumb/v7e-m+fp/hard\libnosys.a(read.o)
 .ARM.attributes
                0x00000a83       0x34 c:/program files (x86)/gnu arm embedded toolchain/10 2021.10/bin/../lib/gcc/arm-none-eabi/10.3.1/../../../../arm-none-eabi/lib/thumb/v7e-m+fp/hard\libnosys.a(sbrk.o)
 .ARM.attributes
                0x00000ab7       0x34 c:/program files (x86)/gnu arm embedded toolchain/10 2021.10/bin/../lib/gcc/arm-none-eabi/10.3.1/../../../../arm-none-eabi/lib/thumb/v7e-m+fp/hard\libnosys.a(write.o)
 .ARM.attributes
                0x00000aeb       0x1e c:/program files (x86)/gnu arm embedded toolchain/10 2021.10/bin/../lib/gcc/arm-none-eabi/10.3.1/thumb/v7e-m+fp/hard\libgcc.a(_arm_addsubdf3.o)
 .ARM.attributes
                0x00000b09       0x1e c:/program files (x86)/gnu arm embedded toolchain/10 2021.10/bin/../lib/gcc/arm-none-eabi/10.3.1/thumb/v7e-m+fp/hard\libgcc.a(_arm_muldivdf3.o)
 .ARM.attributes
                0x00000b27       0x1e c:/program files (x86)/gnu arm embedded toolchain/10 2021.10/bin/../lib/gcc/arm-none-eabi/10.3.1/thumb/v7e-m+fp/hard\libgcc.a(_arm_fixdfsi.o)
 .ARM.attributes
                0x00000b45       0x1e c:/program files (x86)/gnu arm embedded toolchain/10 2021.10/bin/../lib/gcc/arm-none-eabi/10.3.1/thumb/v7e-m+fp/hard\libgcc.a(_aeabi_uldivmod.o)
 .ARM.attributes
                0x00000b63       0x34 c:/program files (x86)/gnu arm embedded toolchain/10 2021.10/bin/../lib/gcc/arm-none-eabi/10.3.1/thumb/v7e-m+fp/hard\libgcc.a(_udivmoddi4.o)
 .ARM.attributes
                0x00000b97       0x1e c:/program files (x86)/gnu arm embedded toolchain/10 2021.10/bin/../lib/gcc/arm-none-eabi/10.3.1/thumb/v7e-m+fp/hard\libgcc.a(_dvmd_tls.o)
 .ARM.attributes
                0x00000bb5       0x1e c:/program files (x86)/gnu arm embedded toolchain/10 2021.10/bin/../lib/gcc/arm-none-eabi/10.3.1/thumb/v7e-m+fp/hard/crtn.o
OUTPUT(build/6020_PTZ_Makefile.elf elf32-littlearm)
LOAD linker stubs
LOAD c:/program files (x86)/gnu arm embedded toolchain/10 2021.10/bin/../lib/gcc/arm-none-eabi/10.3.1/../../../../arm-none-eabi/lib/thumb/v7e-m+fp/hard\libc.a
LOAD c:/program files (x86)/gnu arm embedded toolchain/10 2021.10/bin/../lib/gcc/arm-none-eabi/10.3.1/../../../../arm-none-eabi/lib/thumb/v7e-m+fp/hard\libm.a
LOAD c:/program files (x86)/gnu arm embedded toolchain/10 2021.10/bin/../lib/gcc/arm-none-eabi/10.3.1/thumb/v7e-m+fp/hard\libgcc.a

.debug_info     0x00000000    0x154b6
 .debug_info    0x00000000     0x2ece build/main.o
 .debug_info    0x00002ece      0xf3b build/stm32f4xx_it.o
 .debug_info    0x00003e09      0x2eb build/stm32f4xx_hal_msp.o
 .debug_info    0x000040f4      0xbe6 build/stm32f4xx_hal_rcc.o
 .debug_info    0x00004cda      0x848 build/stm32f4xx_hal_gpio.o
 .debug_info    0x00005522      0xbd1 build/stm32f4xx_hal_dma.o
 .debug_info    0x000060f3     0x1174 build/stm32f4xx_hal_cortex.o
 .debug_info    0x00007267      0xacf build/stm32f4xx_hal.o
 .debug_info    0x00007d36      0x5b3 build/system_stm32f4xx.o
 .debug_info    0x000082e9     0x1395 build/stm32f4xx_hal_can.o
 .debug_info    0x0000967e     0x3b39 build/stm32f4xx_hal_i2c.o
 .debug_info    0x0000d1b7     0x43e7 build/stm32f4xx_hal_uart.o
 .debug_info    0x0001159e      0x519 build/gpio.o
 .debug_info    0x00011ab7      0xcc2 build/can.o
 .debug_info    0x00012779      0xe2e build/i2c.o
 .debug_info    0x000135a7      0xdb1 build/usart.o
 .debug_info    0x00014358      0x596 build/pid.o
 .debug_info    0x000148ee      0xba6 build/bsp_can.o
 .debug_info    0x00015494       0x22 build/startup_stm32f407xx.o

.debug_abbrev   0x00000000     0x28e0
 .debug_abbrev  0x00000000      0x3f9 build/main.o
 .debug_abbrev  0x000003f9      0x1c0 build/stm32f4xx_it.o
 .debug_abbrev  0x000005b9       0xd3 build/stm32f4xx_hal_msp.o
 .debug_abbrev  0x0000068c      0x2aa build/stm32f4xx_hal_rcc.o
 .debug_abbrev  0x00000936      0x22b build/stm32f4xx_hal_gpio.o
 .debug_abbrev  0x00000b61      0x2ff build/stm32f4xx_hal_dma.o
 .debug_abbrev  0x00000e60      0x382 build/stm32f4xx_hal_cortex.o
 .debug_abbrev  0x000011e2      0x209 build/stm32f4xx_hal.o
 .debug_abbrev  0x000013eb      0x11b build/system_stm32f4xx.o
 .debug_abbrev  0x00001506      0x282 build/stm32f4xx_hal_can.o
 .debug_abbrev  0x00001788      0x2f3 build/stm32f4xx_hal_i2c.o
 .debug_abbrev  0x00001a7b      0x356 build/stm32f4xx_hal_uart.o
 .debug_abbrev  0x00001dd1      0x151 build/gpio.o
 .debug_abbrev  0x00001f22      0x205 build/can.o
 .debug_abbrev  0x00002127      0x1e0 build/i2c.o
 .debug_abbrev  0x00002307      0x1e7 build/usart.o
 .debug_abbrev  0x000024ee      0x1b1 build/pid.o
 .debug_abbrev  0x0000269f      0x22f build/bsp_can.o
 .debug_abbrev  0x000028ce       0x12 build/startup_stm32f407xx.o

.debug_loc      0x00000000     0xdef8
 .debug_loc     0x00000000      0x522 build/main.o
 .debug_loc     0x00000522       0xc0 build/stm32f4xx_it.o
 .debug_loc     0x000005e2       0x2c build/stm32f4xx_hal_msp.o
 .debug_loc     0x0000060e      0x6e4 build/stm32f4xx_hal_rcc.o
 .debug_loc     0x00000cf2      0x5e8 build/stm32f4xx_hal_gpio.o
 .debug_loc     0x000012da      0xd6d build/stm32f4xx_hal_dma.o
 .debug_loc     0x00002047      0x7a4 build/stm32f4xx_hal_cortex.o
 .debug_loc     0x000027eb      0x1e1 build/stm32f4xx_hal.o
 .debug_loc     0x000029cc      0x158 build/system_stm32f4xx.o
 .debug_loc     0x00002b24      0xf4e build/stm32f4xx_hal_can.o
 .debug_loc     0x00003a72     0x4e42 build/stm32f4xx_hal_i2c.o
 .debug_loc     0x000088b4     0x4fef build/stm32f4xx_hal_uart.o
 .debug_loc     0x0000d8a3       0x39 build/gpio.o
 .debug_loc     0x0000d8dc      0x108 build/can.o
 .debug_loc     0x0000d9e4       0xeb build/i2c.o
 .debug_loc     0x0000dacf      0x108 build/usart.o
 .debug_loc     0x0000dbd7      0x136 build/pid.o
 .debug_loc     0x0000dd0d      0x1eb build/bsp_can.o

.debug_aranges  0x00000000      0xb80
 .debug_aranges
                0x00000000       0x80 build/main.o
 .debug_aranges
                0x00000080       0x88 build/stm32f4xx_it.o
 .debug_aranges
                0x00000108       0x20 build/stm32f4xx_hal_msp.o
 .debug_aranges
                0x00000128       0x88 build/stm32f4xx_hal_rcc.o
 .debug_aranges
                0x000001b0       0x58 build/stm32f4xx_hal_gpio.o
 .debug_aranges
                0x00000208       0x90 build/stm32f4xx_hal_dma.o
 .debug_aranges
                0x00000298       0xa8 build/stm32f4xx_hal_cortex.o
 .debug_aranges
                0x00000340       0xf0 build/stm32f4xx_hal.o
 .debug_aranges
                0x00000430       0x28 build/system_stm32f4xx.o
 .debug_aranges
                0x00000458      0x138 build/stm32f4xx_hal_can.o
 .debug_aranges
                0x00000590      0x2a0 build/stm32f4xx_hal_i2c.o
 .debug_aranges
                0x00000830      0x200 build/stm32f4xx_hal_uart.o
 .debug_aranges
                0x00000a30       0x20 build/gpio.o
 .debug_aranges
                0x00000a50       0x38 build/can.o
 .debug_aranges
                0x00000a88       0x30 build/i2c.o
 .debug_aranges
                0x00000ab8       0x30 build/usart.o
 .debug_aranges
                0x00000ae8       0x40 build/pid.o
 .debug_aranges
                0x00000b28       0x30 build/bsp_can.o
 .debug_aranges
                0x00000b58       0x28 build/startup_stm32f407xx.o

.debug_ranges   0x00000000      0xb00
 .debug_ranges  0x00000000       0x70 build/main.o
 .debug_ranges  0x00000070       0x78 build/stm32f4xx_it.o
 .debug_ranges  0x000000e8       0x10 build/stm32f4xx_hal_msp.o
 .debug_ranges  0x000000f8       0x90 build/stm32f4xx_hal_rcc.o
 .debug_ranges  0x00000188       0x48 build/stm32f4xx_hal_gpio.o
 .debug_ranges  0x000001d0       0x80 build/stm32f4xx_hal_dma.o
 .debug_ranges  0x00000250       0xf8 build/stm32f4xx_hal_cortex.o
 .debug_ranges  0x00000348       0xe0 build/stm32f4xx_hal.o
 .debug_ranges  0x00000428       0x18 build/system_stm32f4xx.o
 .debug_ranges  0x00000440      0x128 build/stm32f4xx_hal_can.o
 .debug_ranges  0x00000568      0x2a8 build/stm32f4xx_hal_i2c.o
 .debug_ranges  0x00000810      0x208 build/stm32f4xx_hal_uart.o
 .debug_ranges  0x00000a18       0x10 build/gpio.o
 .debug_ranges  0x00000a28       0x28 build/can.o
 .debug_ranges  0x00000a50       0x20 build/i2c.o
 .debug_ranges  0x00000a70       0x20 build/usart.o
 .debug_ranges  0x00000a90       0x30 build/pid.o
 .debug_ranges  0x00000ac0       0x20 build/bsp_can.o
 .debug_ranges  0x00000ae0       0x20 build/startup_stm32f407xx.o

.debug_line     0x00000000     0xfe0f
 .debug_line    0x00000000      0xb86 build/main.o
 .debug_line    0x00000b86      0x397 build/stm32f4xx_it.o
 .debug_line    0x00000f1d      0x16f build/stm32f4xx_hal_msp.o
 .debug_line    0x0000108c      0xb23 build/stm32f4xx_hal_rcc.o
 .debug_line    0x00001baf      0x6f5 build/stm32f4xx_hal_gpio.o
 .debug_line    0x000022a4      0xe39 build/stm32f4xx_hal_dma.o
 .debug_line    0x000030dd      0x78c build/stm32f4xx_hal_cortex.o
 .debug_line    0x00003869      0x579 build/stm32f4xx_hal.o
 .debug_line    0x00003de2      0x26c build/system_stm32f4xx.o
 .debug_line    0x0000404e     0x10f1 build/stm32f4xx_hal_can.o
 .debug_line    0x0000513f     0x5377 build/stm32f4xx_hal_i2c.o
 .debug_line    0x0000a4b6     0x4602 build/stm32f4xx_hal_uart.o
 .debug_line    0x0000eab8      0x1dc build/gpio.o
 .debug_line    0x0000ec94      0x329 build/can.o
 .debug_line    0x0000efbd      0x2fa build/i2c.o
 .debug_line    0x0000f2b7      0x32a build/usart.o
 .debug_line    0x0000f5e1      0x391 build/pid.o
 .debug_line    0x0000f972      0x427 build/bsp_can.o
 .debug_line    0x0000fd99       0x76 build/startup_stm32f407xx.o

.debug_str      0x00000000     0x3f2c
 .debug_str     0x00000000     0x147d build/main.o
                               0x15d2 (size before relaxing)
 .debug_str     0x0000147d      0x166 build/stm32f4xx_it.o
                                0xc3e (size before relaxing)
 .debug_str     0x000015e3       0x29 build/stm32f4xx_hal_msp.o
                                0x2b0 (size before relaxing)
 .debug_str     0x0000160c      0x27f build/stm32f4xx_hal_rcc.o
                                0x6fb (size before relaxing)
 .debug_str     0x0000188b      0x163 build/stm32f4xx_hal_gpio.o
                                0x4d5 (size before relaxing)
 .debug_str     0x000019ee      0x306 build/stm32f4xx_hal_dma.o
                                0x76b (size before relaxing)
 .debug_str     0x00001cf4      0x9f5 build/stm32f4xx_hal_cortex.o
                                0xc21 (size before relaxing)
 .debug_str     0x000026e9      0x295 build/stm32f4xx_hal.o
                                0xb4f (size before relaxing)
 .debug_str     0x0000297e       0x47 build/system_stm32f4xx.o
                                0x36a (size before relaxing)
 .debug_str     0x000029c5      0x538 build/stm32f4xx_hal_can.o
                                0xa40 (size before relaxing)
 .debug_str     0x00002efd      0x855 build/stm32f4xx_hal_i2c.o
                               0x1025 (size before relaxing)
 .debug_str     0x00003752      0x5eb build/stm32f4xx_hal_uart.o
                                0xd4e (size before relaxing)
 .debug_str     0x00003d3d       0x10 build/gpio.o
                                0x361 (size before relaxing)
 .debug_str     0x00003d4d       0x19 build/can.o
                                0xb65 (size before relaxing)
 .debug_str     0x00003d66       0x19 build/i2c.o
                                0xdb7 (size before relaxing)
 .debug_str     0x00003d7f       0x1c build/usart.o
                                0xd1b (size before relaxing)
 .debug_str     0x00003d9b       0xbe build/pid.o
                                0x395 (size before relaxing)
 .debug_str     0x00003e59       0xaf build/bsp_can.o
                                0x7f1 (size before relaxing)
 .debug_str     0x00003f08       0x24 build/startup_stm32f407xx.o
                                 0x5f (size before relaxing)

.comment        0x00000000       0x49
 .comment       0x00000000       0x49 build/main.o
                                 0x4a (size before relaxing)
 .comment       0x00000049       0x4a build/stm32f4xx_it.o
 .comment       0x00000049       0x4a build/stm32f4xx_hal_msp.o
 .comment       0x00000049       0x4a build/stm32f4xx_hal_rcc.o
 .comment       0x00000049       0x4a build/stm32f4xx_hal_gpio.o
 .comment       0x00000049       0x4a build/stm32f4xx_hal_dma.o
 .comment       0x00000049       0x4a build/stm32f4xx_hal_cortex.o
 .comment       0x00000049       0x4a build/stm32f4xx_hal.o
 .comment       0x00000049       0x4a build/system_stm32f4xx.o
 .comment       0x00000049       0x4a build/stm32f4xx_hal_can.o
 .comment       0x00000049       0x4a build/stm32f4xx_hal_i2c.o
 .comment       0x00000049       0x4a build/stm32f4xx_hal_uart.o
 .comment       0x00000049       0x4a build/gpio.o
 .comment       0x00000049       0x4a build/can.o
 .comment       0x00000049       0x4a build/i2c.o
 .comment       0x00000049       0x4a build/usart.o
 .comment       0x00000049       0x4a build/pid.o
 .comment       0x00000049       0x4a build/bsp_can.o

.debug_frame    0x00000000     0x297c
 .debug_frame   0x00000000      0x1e0 build/main.o
 .debug_frame   0x000001e0      0x120 build/stm32f4xx_it.o
 .debug_frame   0x00000300       0x28 build/stm32f4xx_hal_msp.o
 .debug_frame   0x00000328      0x16c build/stm32f4xx_hal_rcc.o
 .debug_frame   0x00000494       0xd8 build/stm32f4xx_hal_gpio.o
 .debug_frame   0x0000056c      0x188 build/stm32f4xx_hal_dma.o
 .debug_frame   0x000006f4      0x148 build/stm32f4xx_hal_cortex.o
 .debug_frame   0x0000083c      0x1ec build/stm32f4xx_hal.o
 .debug_frame   0x00000a28       0x30 build/system_stm32f4xx.o
 .debug_frame   0x00000a58      0x2d8 build/stm32f4xx_hal_can.o
 .debug_frame   0x00000d30      0x970 build/stm32f4xx_hal_i2c.o
 .debug_frame   0x000016a0      0x5cc build/stm32f4xx_hal_uart.o
 .debug_frame   0x00001c6c       0x30 build/gpio.o
 .debug_frame   0x00001c9c       0x70 build/can.o
 .debug_frame   0x00001d0c       0x64 build/i2c.o
 .debug_frame   0x00001d70       0x68 build/usart.o
 .debug_frame   0x00001dd8       0x8c build/pid.o
 .debug_frame   0x00001e64       0x74 build/bsp_can.o
 .debug_frame   0x00001ed8       0x2c c:/program files (x86)/gnu arm embedded toolchain/10 2021.10/bin/../lib/gcc/arm-none-eabi/10.3.1/../../../../arm-none-eabi/lib/thumb/v7e-m+fp/hard\libc_nano.a(lib_a-init.o)
 .debug_frame   0x00001f04       0x20 c:/program files (x86)/gnu arm embedded toolchain/10 2021.10/bin/../lib/gcc/arm-none-eabi/10.3.1/../../../../arm-none-eabi/lib/thumb/v7e-m+fp/hard\libc_nano.a(lib_a-memset.o)
 .debug_frame   0x00001f24       0x74 c:/program files (x86)/gnu arm embedded toolchain/10 2021.10/bin/../lib/gcc/arm-none-eabi/10.3.1/../../../../arm-none-eabi/lib/thumb/v7e-m+fp/hard\libc_nano.a(lib_a-printf.o)
 .debug_frame   0x00001f98       0x3c c:/program files (x86)/gnu arm embedded toolchain/10 2021.10/bin/../lib/gcc/arm-none-eabi/10.3.1/../../../../arm-none-eabi/lib/thumb/v7e-m+fp/hard\libc_nano.a(lib_a-puts.o)
 .debug_frame   0x00001fd4       0x40 c:/program files (x86)/gnu arm embedded toolchain/10 2021.10/bin/../lib/gcc/arm-none-eabi/10.3.1/../../../../arm-none-eabi/lib/thumb/v7e-m+fp/hard\libc_nano.a(lib_a-wbuf.o)
 .debug_frame   0x00002014       0x2c c:/program files (x86)/gnu arm embedded toolchain/10 2021.10/bin/../lib/gcc/arm-none-eabi/10.3.1/../../../../arm-none-eabi/lib/thumb/v7e-m+fp/hard\libc_nano.a(lib_a-wsetup.o)
 .debug_frame   0x00002040       0x5c c:/program files (x86)/gnu arm embedded toolchain/10 2021.10/bin/../lib/gcc/arm-none-eabi/10.3.1/../../../../arm-none-eabi/lib/thumb/v7e-m+fp/hard\libc_nano.a(lib_a-fflush.o)
 .debug_frame   0x0000209c      0x14c c:/program files (x86)/gnu arm embedded toolchain/10 2021.10/bin/../lib/gcc/arm-none-eabi/10.3.1/../../../../arm-none-eabi/lib/thumb/v7e-m+fp/hard\libc_nano.a(lib_a-findfp.o)
 .debug_frame   0x000021e8       0x54 c:/program files (x86)/gnu arm embedded toolchain/10 2021.10/bin/../lib/gcc/arm-none-eabi/10.3.1/../../../../arm-none-eabi/lib/thumb/v7e-m+fp/hard\libc_nano.a(lib_a-fwalk.o)
 .debug_frame   0x0000223c       0xb0 c:/program files (x86)/gnu arm embedded toolchain/10 2021.10/bin/../lib/gcc/arm-none-eabi/10.3.1/../../../../arm-none-eabi/lib/thumb/v7e-m+fp/hard\libc_nano.a(lib_a-lock.o)
 .debug_frame   0x000022ec       0x58 c:/program files (x86)/gnu arm embedded toolchain/10 2021.10/bin/../lib/gcc/arm-none-eabi/10.3.1/../../../../arm-none-eabi/lib/thumb/v7e-m+fp/hard\libc_nano.a(lib_a-makebuf.o)
 .debug_frame   0x00002344       0x38 c:/program files (x86)/gnu arm embedded toolchain/10 2021.10/bin/../lib/gcc/arm-none-eabi/10.3.1/../../../../arm-none-eabi/lib/thumb/v7e-m+fp/hard\libc_nano.a(lib_a-nano-freer.o)
 .debug_frame   0x0000237c       0x4c c:/program files (x86)/gnu arm embedded toolchain/10 2021.10/bin/../lib/gcc/arm-none-eabi/10.3.1/../../../../arm-none-eabi/lib/thumb/v7e-m+fp/hard\libc_nano.a(lib_a-nano-mallocr.o)
 .debug_frame   0x000023c8       0xac c:/program files (x86)/gnu arm embedded toolchain/10 2021.10/bin/../lib/gcc/arm-none-eabi/10.3.1/../../../../arm-none-eabi/lib/thumb/v7e-m+fp/hard\libc_nano.a(lib_a-nano-vfprintf.o)
 .debug_frame   0x00002474       0x60 c:/program files (x86)/gnu arm embedded toolchain/10 2021.10/bin/../lib/gcc/arm-none-eabi/10.3.1/../../../../arm-none-eabi/lib/thumb/v7e-m+fp/hard\libc_nano.a(lib_a-nano-vfprintf_i.o)
 .debug_frame   0x000024d4       0x2c c:/program files (x86)/gnu arm embedded toolchain/10 2021.10/bin/../lib/gcc/arm-none-eabi/10.3.1/../../../../arm-none-eabi/lib/thumb/v7e-m+fp/hard\libc_nano.a(lib_a-sbrkr.o)
 .debug_frame   0x00002500       0x88 c:/program files (x86)/gnu arm embedded toolchain/10 2021.10/bin/../lib/gcc/arm-none-eabi/10.3.1/../../../../arm-none-eabi/lib/thumb/v7e-m+fp/hard\libc_nano.a(lib_a-stdio.o)
 .debug_frame   0x00002588       0x2c c:/program files (x86)/gnu arm embedded toolchain/10 2021.10/bin/../lib/gcc/arm-none-eabi/10.3.1/../../../../arm-none-eabi/lib/thumb/v7e-m+fp/hard\libc_nano.a(lib_a-writer.o)
 .debug_frame   0x000025b4       0x2c c:/program files (x86)/gnu arm embedded toolchain/10 2021.10/bin/../lib/gcc/arm-none-eabi/10.3.1/../../../../arm-none-eabi/lib/thumb/v7e-m+fp/hard\libc_nano.a(lib_a-closer.o)
 .debug_frame   0x000025e0       0x2c c:/program files (x86)/gnu arm embedded toolchain/10 2021.10/bin/../lib/gcc/arm-none-eabi/10.3.1/../../../../arm-none-eabi/lib/thumb/v7e-m+fp/hard\libc_nano.a(lib_a-fstatr.o)
 .debug_frame   0x0000260c       0x2c c:/program files (x86)/gnu arm embedded toolchain/10 2021.10/bin/../lib/gcc/arm-none-eabi/10.3.1/../../../../arm-none-eabi/lib/thumb/v7e-m+fp/hard\libc_nano.a(lib_a-isattyr.o)
 .debug_frame   0x00002638       0x2c c:/program files (x86)/gnu arm embedded toolchain/10 2021.10/bin/../lib/gcc/arm-none-eabi/10.3.1/../../../../arm-none-eabi/lib/thumb/v7e-m+fp/hard\libc_nano.a(lib_a-lseekr.o)
 .debug_frame   0x00002664       0x30 c:/program files (x86)/gnu arm embedded toolchain/10 2021.10/bin/../lib/gcc/arm-none-eabi/10.3.1/../../../../arm-none-eabi/lib/thumb/v7e-m+fp/hard\libc_nano.a(lib_a-mlock.o)
 .debug_frame   0x00002694       0x2c c:/program files (x86)/gnu arm embedded toolchain/10 2021.10/bin/../lib/gcc/arm-none-eabi/10.3.1/../../../../arm-none-eabi/lib/thumb/v7e-m+fp/hard\libc_nano.a(lib_a-readr.o)
 .debug_frame   0x000026c0       0x5c c:/program files (x86)/gnu arm embedded toolchain/10 2021.10/bin/../lib/gcc/arm-none-eabi/10.3.1/../../../../arm-none-eabi/lib/thumb/v7e-m+fp/hard\libc_nano.a(lib_a-reent.o)
 .debug_frame   0x0000271c       0x20 c:/program files (x86)/gnu arm embedded toolchain/10 2021.10/bin/../lib/gcc/arm-none-eabi/10.3.1/../../../../arm-none-eabi/lib/thumb/v7e-m+fp/hard\libnosys.a(close.o)
 .debug_frame   0x0000273c       0x20 c:/program files (x86)/gnu arm embedded toolchain/10 2021.10/bin/../lib/gcc/arm-none-eabi/10.3.1/../../../../arm-none-eabi/lib/thumb/v7e-m+fp/hard\libnosys.a(fstat.o)
 .debug_frame   0x0000275c       0x20 c:/program files (x86)/gnu arm embedded toolchain/10 2021.10/bin/../lib/gcc/arm-none-eabi/10.3.1/../../../../arm-none-eabi/lib/thumb/v7e-m+fp/hard\libnosys.a(isatty.o)
 .debug_frame   0x0000277c       0x20 c:/program files (x86)/gnu arm embedded toolchain/10 2021.10/bin/../lib/gcc/arm-none-eabi/10.3.1/../../../../arm-none-eabi/lib/thumb/v7e-m+fp/hard\libnosys.a(lseek.o)
 .debug_frame   0x0000279c       0x20 c:/program files (x86)/gnu arm embedded toolchain/10 2021.10/bin/../lib/gcc/arm-none-eabi/10.3.1/../../../../arm-none-eabi/lib/thumb/v7e-m+fp/hard\libnosys.a(read.o)
 .debug_frame   0x000027bc       0x20 c:/program files (x86)/gnu arm embedded toolchain/10 2021.10/bin/../lib/gcc/arm-none-eabi/10.3.1/../../../../arm-none-eabi/lib/thumb/v7e-m+fp/hard\libnosys.a(sbrk.o)
 .debug_frame   0x000027dc       0x20 c:/program files (x86)/gnu arm embedded toolchain/10 2021.10/bin/../lib/gcc/arm-none-eabi/10.3.1/../../../../arm-none-eabi/lib/thumb/v7e-m+fp/hard\libnosys.a(write.o)
 .debug_frame   0x000027fc       0xac c:/program files (x86)/gnu arm embedded toolchain/10 2021.10/bin/../lib/gcc/arm-none-eabi/10.3.1/thumb/v7e-m+fp/hard\libgcc.a(_arm_addsubdf3.o)
 .debug_frame   0x000028a8       0x50 c:/program files (x86)/gnu arm embedded toolchain/10 2021.10/bin/../lib/gcc/arm-none-eabi/10.3.1/thumb/v7e-m+fp/hard\libgcc.a(_arm_muldivdf3.o)
 .debug_frame   0x000028f8       0x24 c:/program files (x86)/gnu arm embedded toolchain/10 2021.10/bin/../lib/gcc/arm-none-eabi/10.3.1/thumb/v7e-m+fp/hard\libgcc.a(_arm_fixdfsi.o)
 .debug_frame   0x0000291c       0x2c c:/program files (x86)/gnu arm embedded toolchain/10 2021.10/bin/../lib/gcc/arm-none-eabi/10.3.1/thumb/v7e-m+fp/hard\libgcc.a(_aeabi_uldivmod.o)
 .debug_frame   0x00002948       0x34 c:/program files (x86)/gnu arm embedded toolchain/10 2021.10/bin/../lib/gcc/arm-none-eabi/10.3.1/thumb/v7e-m+fp/hard\libgcc.a(_udivmoddi4.o)

.stab           0x00000000       0x9c
 .stab          0x00000000       0x24 c:/program files (x86)/gnu arm embedded toolchain/10 2021.10/bin/../lib/gcc/arm-none-eabi/10.3.1/../../../../arm-none-eabi/lib/thumb/v7e-m+fp/hard\libnosys.a(close.o)
 .stab          0x00000024       0x18 c:/program files (x86)/gnu arm embedded toolchain/10 2021.10/bin/../lib/gcc/arm-none-eabi/10.3.1/../../../../arm-none-eabi/lib/thumb/v7e-m+fp/hard\libnosys.a(fstat.o)
                                 0x24 (size before relaxing)
 .stab          0x0000003c       0x18 c:/program files (x86)/gnu arm embedded toolchain/10 2021.10/bin/../lib/gcc/arm-none-eabi/10.3.1/../../../../arm-none-eabi/lib/thumb/v7e-m+fp/hard\libnosys.a(isatty.o)
                                 0x24 (size before relaxing)
 .stab          0x00000054       0x18 c:/program files (x86)/gnu arm embedded toolchain/10 2021.10/bin/../lib/gcc/arm-none-eabi/10.3.1/../../../../arm-none-eabi/lib/thumb/v7e-m+fp/hard\libnosys.a(lseek.o)
                                 0x24 (size before relaxing)
 .stab          0x0000006c       0x18 c:/program files (x86)/gnu arm embedded toolchain/10 2021.10/bin/../lib/gcc/arm-none-eabi/10.3.1/../../../../arm-none-eabi/lib/thumb/v7e-m+fp/hard\libnosys.a(read.o)
                                 0x24 (size before relaxing)
 .stab          0x00000084       0x18 c:/program files (x86)/gnu arm embedded toolchain/10 2021.10/bin/../lib/gcc/arm-none-eabi/10.3.1/../../../../arm-none-eabi/lib/thumb/v7e-m+fp/hard\libnosys.a(write.o)
                                 0x24 (size before relaxing)

.stabstr        0x00000000      0x14d
 .stabstr       0x00000000      0x14d c:/program files (x86)/gnu arm embedded toolchain/10 2021.10/bin/../lib/gcc/arm-none-eabi/10.3.1/../../../../arm-none-eabi/lib/thumb/v7e-m+fp/hard\libnosys.a(close.o)

Cross Reference Table

Symbol                                            File
ABS_Gimbal_angle                                  build/main.o
ABS_IMU_angle                                     build/main.o
ADC_IRQHandler                                    build/startup_stm32f407xx.o
AHBPrescTable                                     build/system_stm32f4xx.o
                                                  build/stm32f4xx_hal_rcc.o
APBPrescTable                                     build/system_stm32f4xx.o
                                                  build/stm32f4xx_hal_rcc.o
Abs_angle_PID_test_loop                           build/main.o
Abs_angle_control_loop                            build/main.o
Abs_anglelop_PID_tuning                           build/main.o
BusFault_Handler                                  build/stm32f4xx_it.o
CAN1_RX0_IRQHandler                               build/stm32f4xx_it.o
CAN1_RX1_IRQHandler                               build/startup_stm32f407xx.o
CAN1_SCE_IRQHandler                               build/startup_stm32f407xx.o
CAN1_TX_IRQHandler                                build/stm32f4xx_it.o
CAN2_RX0_IRQHandler                               build/startup_stm32f407xx.o
CAN2_RX1_IRQHandler                               build/startup_stm32f407xx.o
CAN2_SCE_IRQHandler                               build/startup_stm32f407xx.o
CAN2_TX_IRQHandler                                build/startup_stm32f407xx.o
DCMI_IRQHandler                                   build/startup_stm32f407xx.o
DMA1_Stream0_IRQHandler                           build/startup_stm32f407xx.o
DMA1_Stream1_IRQHandler                           build/startup_stm32f407xx.o
DMA1_Stream2_IRQHandler                           build/startup_stm32f407xx.o
DMA1_Stream3_IRQHandler                           build/startup_stm32f407xx.o
DMA1_Stream4_IRQHandler                           build/startup_stm32f407xx.o
DMA1_Stream5_IRQHandler                           build/startup_stm32f407xx.o
DMA1_Stream6_IRQHandler                           build/startup_stm32f407xx.o
DMA1_Stream7_IRQHandler                           build/startup_stm32f407xx.o
DMA2_Stream0_IRQHandler                           build/startup_stm32f407xx.o
DMA2_Stream1_IRQHandler                           build/startup_stm32f407xx.o
DMA2_Stream2_IRQHandler                           build/startup_stm32f407xx.o
DMA2_Stream3_IRQHandler                           build/startup_stm32f407xx.o
DMA2_Stream4_IRQHandler                           build/startup_stm32f407xx.o
DMA2_Stream5_IRQHandler                           build/startup_stm32f407xx.o
DMA2_Stream6_IRQHandler                           build/startup_stm32f407xx.o
DMA2_Stream7_IRQHandler                           build/startup_stm32f407xx.o
DebugMon_Handler                                  build/stm32f4xx_it.o
Default_Handler                                   build/startup_stm32f407xx.o
ETH_IRQHandler                                    build/startup_stm32f407xx.o
ETH_WKUP_IRQHandler                               build/startup_stm32f407xx.o
EXTI0_IRQHandler                                  build/startup_stm32f407xx.o
EXTI15_10_IRQHandler                              build/startup_stm32f407xx.o
EXTI1_IRQHandler                                  build/startup_stm32f407xx.o
EXTI2_IRQHandler                                  build/startup_stm32f407xx.o
EXTI3_IRQHandler                                  build/startup_stm32f407xx.o
EXTI4_IRQHandler                                  build/startup_stm32f407xx.o
EXTI9_5_IRQHandler                                build/startup_stm32f407xx.o
Error_Handler                                     build/main.o
                                                  build/usbd_conf.o
                                                  build/usb_device.o
                                                  build/usart.o
                                                  build/i2c.o
                                                  build/can.o
FLASH_Erase_Sector                                build/stm32f4xx_hal_flash_ex.o
                                                  build/stm32f4xx_hal_flash.o
FLASH_FlushCaches                                 build/stm32f4xx_hal_flash_ex.o
                                                  build/stm32f4xx_hal_flash.o
FLASH_IRQHandler                                  build/startup_stm32f407xx.o
FLASH_WaitForLastOperation                        build/stm32f4xx_hal_flash.o
                                                  build/stm32f4xx_hal_flash_ex.o
FPU_IRQHandler                                    build/startup_stm32f407xx.o
FSMC_IRQHandler                                   build/startup_stm32f407xx.o
FS_Desc                                           build/usbd_desc.o
                                                  build/usb_device.o
FlashTimer                                        build/bsp_can.o
Gimbal_angle                                      build/main.o
HAL_CAN_AbortTxRequest                            build/stm32f4xx_hal_can.o
HAL_CAN_ActivateNotification                      build/stm32f4xx_hal_can.o
                                                  build/main.o
HAL_CAN_AddTxMessage                              build/stm32f4xx_hal_can.o
                                                  build/bsp_can.o
HAL_CAN_ConfigFilter                              build/stm32f4xx_hal_can.o
                                                  build/bsp_can.o
HAL_CAN_DeInit                                    build/stm32f4xx_hal_can.o
HAL_CAN_DeactivateNotification                    build/stm32f4xx_hal_can.o
HAL_CAN_ErrorCallback                             build/can.o
                                                  build/stm32f4xx_hal_can.o
HAL_CAN_GetError                                  build/stm32f4xx_hal_can.o
HAL_CAN_GetRxFifoFillLevel                        build/stm32f4xx_hal_can.o
HAL_CAN_GetRxMessage                              build/stm32f4xx_hal_can.o
                                                  build/bsp_can.o
HAL_CAN_GetState                                  build/stm32f4xx_hal_can.o
HAL_CAN_GetTxMailboxesFreeLevel                   build/stm32f4xx_hal_can.o